Indigo Descended!-7x6 Board - Frozen Hell Demon-Mythical

stage 0

2196 - Aqua Gear @ level 3
----- HP <= 100 -----
Sleep Mode
Delay active skills by 1 turns
----- HP <= 99 -----
Aqua Pulse
4064 Damage - Spawn random 3 Water orbs, Deal 280% damage
----- HP <= 99 -----
Activated
Increase damage to 200% for the next 999 turns

2199 - Dark Gear @ level 3
----- HP <= 100 -----
Sleep Mode
Delay active skills by 1 turns
----- HP <= 99 -----
Poison Pulse
2032 Damage - Spawn random 3 Poison orbs, Deal 140% damage
----- HP <= 99 -----
Activated
Increase damage to 200% for the next 999 turns

stage 1

1214 - Underworld Guard Dog, Cerberus @ level 4
Hell Howl
Change Random 2 to Jammer
----- HP <= 100 -----
Death Bite
3336 Damage - Change Random 3 to Poison, Deal 25% damage
----- HP <= 25 -----
Trinity Fang
20016 Damage - Deal 150% damage (3 hits, 50% each)

stage 2

1752 - Blue Time Sorceress, Ars Paulina @ level 4
Light & Dark Resistance
Reduce damage from Light, Dark by 50%
Solomon's Little Key
Voids status ailments for 999 turns
----- HP <= 100 -----
Grimoire of Water
4288 Damage - Change Heal to Water, Deal 50% damage
----- HP <= 74 -----
Grimoire of Water
4288 Damage - Change Heal to Water, Deal 50% damage
----- HP <= 75 -----
Poison Rain
2144 Damage - Change Random 5 to Poison, Deal 25% damage
----- HP <= 50 -----
Aqua Evocation
Water skyfall +25% for 99 turns
----- HP <= 30 -----
Tidal Hurricane
17152 Damage - Change Random to Water, Deal 200% damage
Tidal Hurricane
17152 Damage - Change Random to Wood, Deal 200% damage
----- HP <= 30 -----
Tidal Hurricane
17152 Damage - Change Random to Wood, Deal 200% damage

stage 3

1257 - Surging Demon Lord, Belial @ level 3
I'm not even going to wait 1 turn!
Bind active skills for 5 turns
----- HP <= 100 -----
Burn!
12685 Damage - Change 3rd row to Fire orbs, Deal 150% damage
----- HP <= 99 -----
I'll show you hell!
Voids status ailments for 999 turns
----- HP <= 99 -----
Flame Curse
6765 Damage - Change 1st column to Fire orbs, 3rd column to Poison orbs, Deal 80% damage
----- HP <= 20 -----
Flame Road
25370 Damage - Change 3rd, 4th column to Fire orbs, Deal 300% damage

stage 4

1258 - Chivalrous Demon Lord, Amon @ level 4
Amon is here!!!
Player -99% HP
----- Turn 1 -----
Super Devil Hook
10845 Damage - Change Random to Jammer, Deal 80% damage
----- Turn 2 -----
All for me!
Increase damage to 300% for the next 999 turns
----- HP <= 100 -----
Ho! Ho! Ho!!
20335 Damage - Deal 150% damage (3 hits, 50% each)

stage 5

2263 - Cruel Frozen Hell Demon, Indigo @ level 3
You'll regret coming here + Freeze Lock
Change all orbs to Fire, Water, Wood, Light, Dark, Jammer, Poison + Lock all Jammer, Poison orbs
----- HP <= 100 -----
Ice Needle
5936 Damage - Change Wood to Water, Deal 60% damage
Freezing Wind
5936 Damage - Change 1st, 2nd row to Water, Jammer, Poison orbs, Deal 60% damage
----- HP <= 80 -----
Purple Soul Shield
Reduce damage from all sources by 30% for 3 turns
----- HP <= 30 -----
Super Snowstorm
14840 Damage - Deal 150% damage (5 hits, 30% each)

stage 0

2196 - Aqua Gear @ level 4
----- HP <= 100 -----
Sleep Mode
Delay active skills by 1 turns
----- HP <= 99 -----
Aqua Pulse
5824 Damage - Spawn random 3 Water orbs, Deal 280% damage
----- HP <= 99 -----
Activated
Increase damage to 200% for the next 999 turns

2199 - Dark Gear @ level 4
----- HP <= 100 -----
Sleep Mode
Delay active skills by 1 turns
----- HP <= 99 -----
Poison Pulse
2912 Damage - Spawn random 3 Poison orbs, Deal 140% damage
----- HP <= 99 -----
Activated
Increase damage to 200% for the next 999 turns

stage 1

1214 - Underworld Guard Dog, Cerberus @ level 6
Hell Howl
Change Random 2 to Jammer
----- HP <= 100 -----
Death Bite
5351 Damage - Change Random 3 to Poison, Deal 25% damage
----- HP <= 25 -----
Trinity Fang
32109 Damage - Deal 150% damage (3 hits, 50% each)

stage 2

1752 - Blue Time Sorceress, Ars Paulina @ level 6
Light & Dark Resistance
Reduce damage from Light, Dark by 50%
Solomon's Little Key
Voids status ailments for 999 turns
----- HP <= 100 -----
Grimoire of Water
6878 Damage - Change Heal to Water, Deal 50% damage
----- HP <= 74 -----
Grimoire of Water
6878 Damage - Change Heal to Water, Deal 50% damage
----- HP <= 75 -----
Poison Rain
3439 Damage - Change Random 5 to Poison, Deal 25% damage
----- HP <= 50 -----
Aqua Evocation
Water skyfall +25% for 99 turns
----- HP <= 30 -----
Tidal Hurricane
27514 Damage - Change Random to Water, Deal 200% damage
Tidal Hurricane
27514 Damage - Change Random to Wood, Deal 200% damage
----- HP <= 30 -----
Tidal Hurricane
27514 Damage - Change Random to Wood, Deal 200% damage

stage 3

1257 - Surging Demon Lord, Belial @ level 5
I'm not even going to wait 1 turn!
Bind active skills for 5 turns
----- HP <= 100 -----
Burn!
23666 Damage - Change 3rd row to Fire orbs, Deal 150% damage
----- HP <= 99 -----
I'll show you hell!
Voids status ailments for 999 turns
----- HP <= 99 -----
Flame Curse
12622 Damage - Change 1st column to Fire orbs, 3rd column to Poison orbs, Deal 80% damage
----- HP <= 20 -----
Flame Road
47333 Damage - Change 3rd, 4th column to Fire orbs, Deal 300% damage

stage 4

1258 - Chivalrous Demon Lord, Amon @ level 6
Amon is here!!!
Player -99% HP
----- Turn 1 -----
Super Devil Hook
17398 Damage - Change Random to Jammer, Deal 80% damage
----- Turn 2 -----
All for me!
Increase damage to 300% for the next 999 turns
----- HP <= 100 -----
Ho! Ho! Ho!!
32622 Damage - Deal 150% damage (3 hits, 50% each)

stage 5

2263 - Cruel Frozen Hell Demon, Indigo @ level 5
You'll regret coming here + Freeze Lock
Change all orbs to Fire, Water, Wood, Light, Dark, Jammer, Poison + Lock all Jammer, Poison orbs
----- HP <= 100 -----
Ice Needle
11075 Damage - Change Wood to Water, Deal 60% damage
Freezing Wind
11075 Damage - Change 1st, 2nd row to Water, Jammer, Poison orbs, Deal 60% damage
----- HP <= 80 -----
Purple Soul Shield
Reduce damage from all sources by 30% for 3 turns
----- HP <= 30 -----
Super Snowstorm
27687 Damage - Deal 150% damage (5 hits, 30% each)

Indigo Descended!-7x6 Board - Frozen Hell Demon-Legend

stage 0

2196 - Aqua Gear @ level 3
----- HP <= 100 -----
Sleep Mode
Delay active skills by 1 turns
----- HP <= 99 -----
Aqua Pulse
4064 Damage - Spawn random 3 Water orbs, Deal 280% damage
----- HP <= 99 -----
Activated
Increase damage to 200% for the next 999 turns

2199 - Dark Gear @ level 3
----- HP <= 100 -----
Sleep Mode
Delay active skills by 1 turns
----- HP <= 99 -----
Poison Pulse
2032 Damage - Spawn random 3 Poison orbs, Deal 140% damage
----- HP <= 99 -----
Activated
Increase damage to 200% for the next 999 turns

stage 1

1214 - Underworld Guard Dog, Cerberus @ level 4
Hell Howl
Change Random 2 to Jammer
----- HP <= 100 -----
Death Bite
3336 Damage - Change Random 3 to Poison, Deal 25% damage
----- HP <= 25 -----
Trinity Fang
20016 Damage - Deal 150% damage (3 hits, 50% each)

stage 2

1752 - Blue Time Sorceress, Ars Paulina @ level 4
Light & Dark Resistance
Reduce damage from Light, Dark by 50%
Solomon's Little Key
Voids status ailments for 999 turns
----- HP <= 100 -----
Grimoire of Water
4288 Damage - Change Heal to Water, Deal 50% damage
----- HP <= 74 -----
Grimoire of Water
4288 Damage - Change Heal to Water, Deal 50% damage
----- HP <= 75 -----
Poison Rain
2144 Damage - Change Random 5 to Poison, Deal 25% damage
----- HP <= 50 -----
Aqua Evocation
Water skyfall +25% for 99 turns
----- HP <= 30 -----
Tidal Hurricane
17152 Damage - Change Random to Water, Deal 200% damage
Tidal Hurricane
17152 Damage - Change Random to Wood, Deal 200% damage
----- HP <= 30 -----
Tidal Hurricane
17152 Damage - Change Random to Wood, Deal 200% damage

stage 3

1257 - Surging Demon Lord, Belial @ level 3
I'm not even going to wait 1 turn!
Bind active skills for 5 turns
----- HP <= 100 -----
Burn!
12685 Damage - Change 3rd row to Fire orbs, Deal 150% damage
----- HP <= 99 -----
I'll show you hell!
Voids status ailments for 999 turns
----- HP <= 99 -----
Flame Curse
6765 Damage - Change 1st column to Fire orbs, 3rd column to Poison orbs, Deal 80% damage
----- HP <= 20 -----
Flame Road
25370 Damage - Change 3rd, 4th column to Fire orbs, Deal 300% damage

stage 4

1258 - Chivalrous Demon Lord, Amon @ level 4
Amon is here!!!
Player -99% HP
----- Turn 1 -----
Super Devil Hook
10845 Damage - Change Random to Jammer, Deal 80% damage
----- Turn 2 -----
All for me!
Increase damage to 300% for the next 999 turns
----- HP <= 100 -----
Ho! Ho! Ho!!
20335 Damage - Deal 150% damage (3 hits, 50% each)

stage 5

2263 - Cruel Frozen Hell Demon, Indigo @ level 3
You'll regret coming here + Freeze Lock
Change all orbs to Fire, Water, Wood, Light, Dark, Jammer, Poison + Lock all Jammer, Poison orbs
----- HP <= 100 -----
Ice Needle
5936 Damage - Change Wood to Water, Deal 60% damage
Freezing Wind
5936 Damage - Change 1st, 2nd row to Water, Jammer, Poison orbs, Deal 60% damage
----- HP <= 80 -----
Purple Soul Shield
Reduce damage from all sources by 30% for 3 turns
----- HP <= 30 -----
Super Snowstorm
14840 Damage - Deal 150% damage (5 hits, 30% each)

stage 0

2196 - Aqua Gear @ level 4
----- HP <= 100 -----
Sleep Mode
Delay active skills by 1 turns
----- HP <= 99 -----
Aqua Pulse
5824 Damage - Spawn random 3 Water orbs, Deal 280% damage
----- HP <= 99 -----
Activated
Increase damage to 200% for the next 999 turns

2199 - Dark Gear @ level 4
----- HP <= 100 -----
Sleep Mode
Delay active skills by 1 turns
----- HP <= 99 -----
Poison Pulse
2912 Damage - Spawn random 3 Poison orbs, Deal 140% damage
----- HP <= 99 -----
Activated
Increase damage to 200% for the next 999 turns

stage 1

1214 - Underworld Guard Dog, Cerberus @ level 6
Hell Howl
Change Random 2 to Jammer
----- HP <= 100 -----
Death Bite
5351 Damage - Change Random 3 to Poison, Deal 25% damage
----- HP <= 25 -----
Trinity Fang
32109 Damage - Deal 150% damage (3 hits, 50% each)

stage 2

1752 - Blue Time Sorceress, Ars Paulina @ level 6
Light & Dark Resistance
Reduce damage from Light, Dark by 50%
Solomon's Little Key
Voids status ailments for 999 turns
----- HP <= 100 -----
Grimoire of Water
6878 Damage - Change Heal to Water, Deal 50% damage
----- HP <= 74 -----
Grimoire of Water
6878 Damage - Change Heal to Water, Deal 50% damage
----- HP <= 75 -----
Poison Rain
3439 Damage - Change Random 5 to Poison, Deal 25% damage
----- HP <= 50 -----
Aqua Evocation
Water skyfall +25% for 99 turns
----- HP <= 30 -----
Tidal Hurricane
27514 Damage - Change Random to Water, Deal 200% damage
Tidal Hurricane
27514 Damage - Change Random to Wood, Deal 200% damage
----- HP <= 30 -----
Tidal Hurricane
27514 Damage - Change Random to Wood, Deal 200% damage

stage 3

1257 - Surging Demon Lord, Belial @ level 5
I'm not even going to wait 1 turn!
Bind active skills for 5 turns
----- HP <= 100 -----
Burn!
23666 Damage - Change 3rd row to Fire orbs, Deal 150% damage
----- HP <= 99 -----
I'll show you hell!
Voids status ailments for 999 turns
----- HP <= 99 -----
Flame Curse
12622 Damage - Change 1st column to Fire orbs, 3rd column to Poison orbs, Deal 80% damage
----- HP <= 20 -----
Flame Road
47333 Damage - Change 3rd, 4th column to Fire orbs, Deal 300% damage

stage 4

1258 - Chivalrous Demon Lord, Amon @ level 6
Amon is here!!!
Player -99% HP
----- Turn 1 -----
Super Devil Hook
17398 Damage - Change Random to Jammer, Deal 80% damage
----- Turn 2 -----
All for me!
Increase damage to 300% for the next 999 turns
----- HP <= 100 -----
Ho! Ho! Ho!!
32622 Damage - Deal 150% damage (3 hits, 50% each)

stage 5

2263 - Cruel Frozen Hell Demon, Indigo @ level 5
You'll regret coming here + Freeze Lock
Change all orbs to Fire, Water, Wood, Light, Dark, Jammer, Poison + Lock all Jammer, Poison orbs
----- HP <= 100 -----
Ice Needle
11075 Damage - Change Wood to Water, Deal 60% damage
Freezing Wind
11075 Damage - Change 1st, 2nd row to Water, Jammer, Poison orbs, Deal 60% damage
----- HP <= 80 -----
Purple Soul Shield
Reduce damage from all sources by 30% for 3 turns
----- HP <= 30 -----
Super Snowstorm
27687 Damage - Deal 150% damage (5 hits, 30% each)

