Egg-Cellent Blessings [1] - One-Shot TAMADRA

stage 0

797 - TAMADRA @ level 1
----- HP <= 100 -----
TAMA-♪
Do nothing
TAMA, TAMA-♪
Do nothing

