Event Gift Dungeon [7] - One-Shot Snow Globe (Water)

stage 0

521 - Snow Globe Dragon Bleu @ level 50
----- HP <= 100 -----
Gift Breath
28576 Damage - Deal 55% damage

