Event Gift Dungeon [9] - One-Shot Snow Globe (Light)

stage 0

1005 - Snow Globe Dragon Blanc @ level 50
Merry Christmas ♪
Do nothing
----- HP <= 100 -----
Merry Christmas ♪
Do nothing

