The Thief Descended! - Chivalrous Thief-Mythical

stage 0

545 - Low Fire Ninja @ level 7
Basic attacks (1)

547 - Low Water Ninja @ level 7
Basic attacks (1)

549 - Low Wood Ninja @ level 7
Basic attacks (1)

stage 1

546 - Mid Fire Ninja @ level 7
Basic attacks (1)

547 - Low Water Ninja @ level 7
Basic attacks (1)

549 - Low Wood Ninja @ level 7
Basic attacks (1)

550 - Mid Wood Ninja @ level 7
Basic attacks (1)

stage 2

546 - Mid Fire Ninja @ level 7
Basic attacks (1)

548 - Mid Water Ninja @ level 7
Basic attacks (1)

550 - Mid Wood Ninja @ level 7
Basic attacks (1)

stage 3

416 - Mitsuki, the Flame Fox @ level 5
----- HP <= 100 -----
Water Prohibited
Bind Water cards for 1~3 turns

stage 4

565 - Ishikawa Goemon @ level 5
----- HP <= 100 -----
Ninja Fireworks
20250 Damage - Deal 200% damage

stage 0

545 - Low Fire Ninja @ level 10
Basic attacks (1)

547 - Low Water Ninja @ level 10
Basic attacks (1)

549 - Low Wood Ninja @ level 10
Basic attacks (1)

stage 1

546 - Mid Fire Ninja @ level 10
Basic attacks (1)

547 - Low Water Ninja @ level 10
Basic attacks (1)

549 - Low Wood Ninja @ level 10
Basic attacks (1)

550 - Mid Wood Ninja @ level 10
Basic attacks (1)

stage 2

546 - Mid Fire Ninja @ level 10
Basic attacks (1)

548 - Mid Water Ninja @ level 10
Basic attacks (1)

550 - Mid Wood Ninja @ level 10
Basic attacks (1)

stage 3

416 - Mitsuki, the Flame Fox @ level 8
----- HP <= 100 -----
Water Prohibited
Bind Water cards for 1~3 turns

stage 4

565 - Ishikawa Goemon @ level 8
----- HP <= 100 -----
Ninja Fireworks
34344 Damage - Deal 200% damage

The Thief Descended! - Chivalrous Thief-Legend

stage 0

545 - Low Fire Ninja @ level 7
Basic attacks (1)

547 - Low Water Ninja @ level 7
Basic attacks (1)

549 - Low Wood Ninja @ level 7
Basic attacks (1)

stage 1

546 - Mid Fire Ninja @ level 7
Basic attacks (1)

547 - Low Water Ninja @ level 7
Basic attacks (1)

549 - Low Wood Ninja @ level 7
Basic attacks (1)

550 - Mid Wood Ninja @ level 7
Basic attacks (1)

stage 2

546 - Mid Fire Ninja @ level 7
Basic attacks (1)

548 - Mid Water Ninja @ level 7
Basic attacks (1)

550 - Mid Wood Ninja @ level 7
Basic attacks (1)

stage 3

416 - Mitsuki, the Flame Fox @ level 5
----- HP <= 100 -----
Water Prohibited
Bind Water cards for 1~3 turns

stage 4

565 - Ishikawa Goemon @ level 5
----- HP <= 100 -----
Ninja Fireworks
20250 Damage - Deal 200% damage

stage 0

545 - Low Fire Ninja @ level 10
Basic attacks (1)

547 - Low Water Ninja @ level 10
Basic attacks (1)

549 - Low Wood Ninja @ level 10
Basic attacks (1)

stage 1

546 - Mid Fire Ninja @ level 10
Basic attacks (1)

547 - Low Water Ninja @ level 10
Basic attacks (1)

549 - Low Wood Ninja @ level 10
Basic attacks (1)

550 - Mid Wood Ninja @ level 10
Basic attacks (1)

stage 2

546 - Mid Fire Ninja @ level 10
Basic attacks (1)

548 - Mid Water Ninja @ level 10
Basic attacks (1)

550 - Mid Wood Ninja @ level 10
Basic attacks (1)

stage 3

416 - Mitsuki, the Flame Fox @ level 8
----- HP <= 100 -----
Water Prohibited
Bind Water cards for 1~3 turns

stage 4

565 - Ishikawa Goemon @ level 8
----- HP <= 100 -----
Ninja Fireworks
34344 Damage - Deal 200% damage

