Tan Infestation! - Secrets to Skill Leveling

stage 0

2723 - Flamtan @ level 1
Basic attacks (2)

2724 - Bubtan @ level 1
Basic attacks (2)

2725 - Woodtan @ level 1
Basic attacks (2)

2726 - Shyntan @ level 1
Basic attacks (2)

2727 - Badtan @ level 1
Basic attacks (2)

stage 1

2725 - Woodtan @ level 1
Basic attacks (2)

2726 - Shyntan @ level 1
Basic attacks (2)

2727 - Badtan @ level 1
Basic attacks (2)

2724 - Bubtan @ level 1
Basic attacks (2)

2723 - Flamtan @ level 1
Basic attacks (2)

stage 2

2723 - Flamtan @ level 1
Basic attacks (2)

2724 - Bubtan @ level 1
Basic attacks (2)

2725 - Woodtan @ level 1
Basic attacks (2)

2726 - Shyntan @ level 1
Basic attacks (2)

2727 - Badtan @ level 1
Basic attacks (2)

stage 3

2724 - Bubtan @ level 1
Basic attacks (2)

2725 - Woodtan @ level 1
Basic attacks (2)

2726 - Shyntan @ level 1
Basic attacks (2)

2727 - Badtan @ level 1
Basic attacks (2)

2723 - Flamtan @ level 1
Basic attacks (2)

