Hera Dragon Descended! - Darkness' Dragon-Annihilation

stage 0

825 - Godly Knight of the Sky, Verche @ level 20
Verche Dark Halven
Reduce damage from Dark by 50%
Sanction
Bind Dark cards for 10 turns
----- HP <= 100 -----
Conviction
92400 Damage - Change Jammer to Light, Deal 220% damage
----- HP <= 70 -----
Celestial Armor
Void damage >= 1000000 for 99 turns

stage 1

393 - Fertility Deity, Evil Ceres @ level 10
30% Resolve
Survive attacks with 1 HP when HP > 30%
Dark Melancholy + Divine Protection of the Good Harvest
Absorb combo <= 6 damage for 999 turns + Voids status ailments for 999 turns
----- Turn 1 -----
Sephiroth Anger
25704 Damage - Change all orbs to Fire, Water, Wood, Light, Dark, Heal, Deal 240% damage
----- HP <= 100 -----
Light Fascination
Absorb Light damage for 1 turns
----- HP <= 49 -----
Lucent Blessing + Sephiroth Rage
Light skyfall +20% for 5 turns + Change all orbs to Fire, Water, Wood, Light, Dark, Heal
----- HP <= 49 -----
Sephiroth Rage
36414 Damage - Change all orbs to Fire, Water, Wood, Light, Dark, Heal, Deal 340% damage
----- HP <= 29 -----
God Tree's Basket + Plant Fascination
Void damage >= 500000 for 99 turns + Absorb Wood damage for 1 turns
----- HP <= 29 -----
Flame Fascination + Natural Disaster
Absorb Fire damage for 1 turns + Change 5th row to Heal orbs
Ice Fascination + Natural Disaster
Absorb Water damage for 1 turns + Change 5th row to Heal orbs
Dark Fascination + Natural Disaster
Absorb Dark damage for 1 turns + Change 5th row to Heal orbs
Plant Fascination + Natural Disaster
Absorb Wood damage for 1 turns + Change 5th row to Heal orbs
----- HP <= 1 -----
Healing Wind + Evil Eye
Enemy recover 50% hp + Player -500% HP

stage 2

2720 - Darkness Goddess, Hera Dragon @ level 10
Black Body + Dark Ball + Darkdragon's Baptism
Voids status ailments for 999 turns + Absorb damage >= 2000000 damage for 999 turns + Enemy action
----- HP <= 100 -----
Gathering Magical Power
Do nothing
----- HP <= 100 -----
Dark Eyes + Ultra Graviton Breath
Voids player buff effects + Enemy action

