Special Event Dungeon [2] - Special Event Present

stage 0

5055 - 7-Year Anniversary TAMADRA @ level 1
Basic attacks (1)

