Wallace Descended! - Seventh Dragon Caller-Annihilation

stage 0

3539 - Flame Wing Wisedragon, Nerva @ level 10
Fire damage halved
Reduce damage from Fire by 50%
Fireform
Reduce damage from all sources by 75% for 3 turns
----- HP <= 100 -----
Vasahal Vorzen
539500 Damage - Deal 5000% damage (10 hits, 500% each)

stage 1

3260 - Yamato Flame Dragon Caller, Tsubaki @ level 10
Scarlet Sky Robes + Dragonbind Kotodama + Flame Camellia
Voids status ailments for 999 turns + Bind Dragon cards for 10 turns + Enemy action
----- HP <= 100 -----
Fire Guardian's Sunblade
34374 Damage - Reduce damage from all sources by 50% for 1 turns, Deal 320% damage
Firechain Thrust
34374 Damage - Bind active skills for 5 turns, Deal 320% damage
----- HP <= 49 -----
Banishing Firebrand
85936 Damage - Change Jammer to Fire, Deal 800% damage
----- HP <= 50 -----
Vanishing Lifespring - Red Sun + Crimson Blossom Storm
Change all orbs to Jammer + Absorb combo <= 6 damage for 5 turns
----- HP <= 20 -----
Soaring Camellia Flame
290034 Damage - Deal 2700% damage (9 hits, 300% each)

stage 2

3576 - Seventh Dragon Caller, Shapeshifter Wallace @ level 10
Wood damage halved
Reduce damage from Wood by 50%
Concealed Mountain Path + Guardian Dragon Formation + Mucus Skin
Void damage >= 10000000 for 999 turns + Voids status ailments for 999 turns + Reduce damage from all sources by 75% for 7 turns
----- HP <= 100 -----
Rainbow Cloak + Seven Gardens
Change own attribute to random one of Fire, Water, Wood, Light, Dark + Change all orbs to Fire, Water, Wood, Light, Dark, Heal, Poison
Rainbow Cloak + Cyclone Rave
Change own attribute to random one of Fire, Water, Wood, Light, Dark + Enemy action
Rainbow Cloak + Dead Poison Rave
Change own attribute to random one of Fire, Water, Wood, Light, Dark + Change Random 14 to Poison
----- HP <= 15 -----
Rainbow Cloak + Everstorm Rainbow Blade
Change own attribute to random one of Fire, Water, Wood, Light, Dark + Enemy action

