Event Gift Dungeon! [5] - One-Shot Gold TAMADRA

stage 0

1709 - Gold TAMADRA @ level 1
Basic attacks (2)

