Event Gift Dungeon! [3] - One-Shot Lil' Snow Globe Dragon

stage 0

517 - Lil' Snow Globe Dragon Rouge @ level 1
----- HP <= 100 -----
Merry Christmas ♪
Do nothing
Wait and See
Do nothing

518 - Lil' Snow Globe Dragon Bleu @ level 1
----- HP <= 100 -----
Merry Christmas ♪
Do nothing
Wait and See
Do nothing

519 - Lil' Snow Globe Dragon Vert @ level 1
----- HP <= 100 -----
Merry Christmas ♪
Do nothing
Wait and See
Do nothing

1003 - Lil' Snow Globe Dragon Blanc @ level 1
----- HP <= 100 -----
Merry Christmas ♪
Do nothing
Wait and See
Do nothing

1004 - Lil' Snow Globe Dragon Noir @ level 1
----- HP <= 100 -----
Merry Christmas ♪
Do nothing
Wait and See
Do nothing

stage 1

519 - Lil' Snow Globe Dragon Vert @ level 1
----- HP <= 100 -----
Merry Christmas ♪
Do nothing
Wait and See
Do nothing

1003 - Lil' Snow Globe Dragon Blanc @ level 1
----- HP <= 100 -----
Merry Christmas ♪
Do nothing
Wait and See
Do nothing

1004 - Lil' Snow Globe Dragon Noir @ level 1
----- HP <= 100 -----
Merry Christmas ♪
Do nothing
Wait and See
Do nothing

517 - Lil' Snow Globe Dragon Rouge @ level 1
----- HP <= 100 -----
Merry Christmas ♪
Do nothing
Wait and See
Do nothing

518 - Lil' Snow Globe Dragon Bleu @ level 1
----- HP <= 100 -----
Merry Christmas ♪
Do nothing
Wait and See
Do nothing

stage 2

517 - Lil' Snow Globe Dragon Rouge @ level 1
----- HP <= 100 -----
Merry Christmas ♪
Do nothing
Wait and See
Do nothing

518 - Lil' Snow Globe Dragon Bleu @ level 1
----- HP <= 100 -----
Merry Christmas ♪
Do nothing
Wait and See
Do nothing

519 - Lil' Snow Globe Dragon Vert @ level 1
----- HP <= 100 -----
Merry Christmas ♪
Do nothing
Wait and See
Do nothing

1003 - Lil' Snow Globe Dragon Blanc @ level 1
----- HP <= 100 -----
Merry Christmas ♪
Do nothing
Wait and See
Do nothing

1004 - Lil' Snow Globe Dragon Noir @ level 1
----- HP <= 100 -----
Merry Christmas ♪
Do nothing
Wait and See
Do nothing

