Daily Py Dungeon [7] - One-Shot Bubpy

stage 0

1548 - Bubpy @ level 1
Basic attacks (1)

