Daily Py Dungeon [17] - One-Shot Flampy

stage 0

1547 - Flampy @ level 1
Basic attacks (1)

