Daily Py Dungeon [22] - One-Shot Badpy

stage 0

1551 - Badpy @ level 1
Basic attacks (1)

