Bigfoot Descended!-7x6 Board - Monstrous Beast-Legend Plus

stage 0

1081 - Lemon Dragon @ level 8
Lemon... Sour... I want some...
Spawn random 3 Light orbs
----- Execute below actions in order repeatedly -----
It's tart, so just one...
6972 Damage - Spawn random 1 Heal orbs, Deal 100% damage
It's tart, but I'll take another one...
6972 Damage - Spawn random 1 Heal orbs, Deal 100% damage
It's tart... But I can't stop
6972 Damage - Spawn random 1 Heal orbs, Deal 100% damage
It's tart!!
17431 Damage - Deal 250% damage (5 hits, 50% each)

3065 - Eternal Jade Dragon Caller, Sonia TAMADRA @ level 5
Attack TAMA!
Increase damage to 300% for the next 1 turns (1 time use)
----- HP <= 100 -----
Brave Smash
12250 Damage - Deal 100% damage
----- HP <= 39 -----
Draco Summon TAMA!
Do nothing
----- HP <= 39 -----
Graviton Press
61250 Damage - Deal 500% damage (5 hits, 100% each)

3213 - Water Imp @ level 10
Quiet down, please...
Bind 1 random subs for 4 turns
----- Turn 1 -----
Enchanted Flute
10102 Damage - Change Random to Heal, Deal 75% damage (1 time use)
----- Turn 2 -----
Demon Solo
Increase damage to 300% for the next 999 turns
----- Turn 3 -----
Resonating Water
6735 Damage - Water skyfall +15% for 10 turns, Deal 50% damage

stage 1

2429 - Fire Dog Dragon, Tosawandra @ level 10
Staredown
Bind active skills for 3 turns
----- Turn 1 -----
Paw Shake
8568 Damage - Deal 70% damage (50% chance) (1 time use)
----- Turn 2 -----
Battle Soul
Increase damage to 200% for the next 999 turns
----- Turn 3 -----
Flame Bite
12240 Damage - Spawn random 4 Fire orbs, Deal 100% damage (1 time use)
----- HP <= 100 -----
Other Hand
17136 Damage - Deal 140% damage
----- HP <= 49 -----
Big Howl
Delay active skills by 1~2 turns
----- HP <= 10 -----
Fierce Charge
36720 Damage - Deal 300% damage (3 hits, 100% each)

2644 - Metallic Star Dragon, Virgo @ level 10
Idol Debris
Spawn random 6 Jammer orbs
----- Turn 1 -----
Adorable Eye
Bind 2 random subs for 1 turns
Lovable Eye
Delay active skills by 1 turns (1 time use)
----- HP <= 100 -----
Adorable Eye
Bind 2 random subs for 1 turns
Optical Eraser
11286 Damage - Deal 110% damage (2 hits, 55% each)
----- HP <= 49 -----
Wind Princess's Prayer
Spawn random 10 Jammer orbs
----- HP <= 10 -----
Virgo's Crest - Ray
30780 Damage - Deal 300% damage (5 hits, 60% each)

stage 2

101100 - Alt. Sea God's Songstress, Siren @ level 8
Balanced Halved
Reduce damage from Balanced by 50%
Abyssal Pressure + Song of Life Binding
Player -99% HP + Rcv 50% for 3 turns
----- HP <= 50 -----
Voice of Misfortune
Bind Wood cards for 2~3 turns (1 time use)
----- Execute below actions in order repeatedly -----
Song of Destruction
4934 Damage - Deal 50% damage
Song of Destruction
9869 Damage - Deal 100% damage
Song of Destruction
19739 Damage - Deal 200% damage
Song of Destruction
78958 Damage - Deal 800% damage

stage 3

101103 - Alt. Heavenly Herald, Archangel @ level 5
Angel Devil Half Reduced
Reduce damage from Devil by 50%
Cold Gaze
Movetime -3s for 5 turns
----- Turn 5 -----
Judgment from Heaven + Divine Protection
Bind 1 random subs for 20 turns + Increase damage to 150% for the next 99 turns
----- HP <= 100 -----
Shining Ray
24683 Damage - Change Random to Light, Deal 75% damage (33% chance)
Heart Break
16455 Damage - Change Heal to Jammer, Deal 50% damage (50% chance)
----- HP <= 75 -----
Resurrection
Enemy recover 100% hp (1 time use)

stage 4

3545 - Sun Crown Wisedragon, Apolluo @ level 4
Light damage halved
Reduce damage from Light by 50%
Lucent Ring
Absorb combo <= 6 damage for 999 turns (1 time use)
----- Turn 1 -----
Draco Radiance
Increase damage to 200% for the next 999 turns
----- HP <= 100 -----
Life Benediction + Iris Genesis
Enemy recover 50% hp + Change all orbs to Fire, Water, Wood, Light, Dark, Heal, Jammer

stage 5

1920 - Phantom Icedragon, Mirage Plesios @ level 5
Halves Plessios Fire-Wood
Reduce damage from Fire, Wood by 50%
Mirage Temptation + Frozen Celestial Ocean
Bind active skills for 5 turns + Locked Water, Heal skyfall +100% for 10 turns (1 time use)
----- Turn 1 -----
Cold air is building up
15062 Damage - Spawn random 4 Water orbs, Deal 150% damage (1 time use)
----- Turn 2 -----
Cold air is building up
20083 Damage - Spawn random 8 Water orbs, Deal 200% damage (1 time use)
----- Turn 3 -----
Cold air is building up
25104 Damage - Spawn random 16 Water orbs, Deal 250% damage (1 time use)
----- HP <= 100 -----
Brinicle
50208 Damage - Change all orbs to Water, Deal 500% damage

stage 6

100907 - Alt. Aqua Baron @ level 5
Physical Balanced Halved
Reduce damage from Balanced, Physical by 50%
Blizzard + Crystal Force
Water skyfall +20% for 20 turns + Specific orbs change every 1.0s for 10 turns
----- HP <= 100 -----
Ice Rush
19846 Damage - Deal 300% damage (2 hits, 150% each)
----- HP <= 50 -----
Crystal Reversal
17200 Damage - Specific orbs change every 1.0s for 10 turns, Deal 260% damage (1 time use)
Cold Trident
23816 Damage - Deal 360% damage (3 hits, 120% each)

stage 7

4417 - Monstrous Beast of the Gleaming Peak, Bigfoot @ level 5
Water Halved
Reduce damage from Water by 50%
Enhancement of the 5 Senses + Strong Body Protected by Snow
Voids status ailments for 30 turns + Reduce damage from all sources by 95% for 3 turns
----- Turn 3 -----
Rage + Risky Attack
Increase damage to 120% for the next 2 turns + Reduce damage from all sources by 90% for 3 turns (1 time use)
----- Turn 6 -----
Rage + Risky Attack
Increase damage to 140% for the next 2 turns + Reduce damage from all sources by 80% for 3 turns (1 time use)
----- Turn 9 -----
Rage + Risky Attack
Increase damage to 160% for the next 2 turns + Reduce damage from all sources by 70% for 3 turns (1 time use)
----- Turn 12 -----
Rage + Risky Attack
Increase damage to 180% for the next 2 turns + Reduce damage from all sources by 60% for 3 turns (1 time use)
----- Turn 15 -----
Rage + Risky Attack
Increase damage to 200% for the next 2 turns + Reduce damage from all sources by 50% for 3 turns (1 time use)
----- Turn 18 -----
Rage + Risky Attack
Increase damage to 220% for the next 2 turns + Reduce damage from all sources by 40% for 3 turns (1 time use)
----- HP <= 100 -----
Rage + Risky Attack
Increase damage to 240% for the next 2 turns + Reduce damage from all sources by 30% for 3 turns (1 time use)
----- HP <= 100 -----
Smash to Pieces
13269 Damage - Spawn random 8 Jammer orbs, Deal 90% damage (30% chance)
Battering
14743 Damage - Deal 100% damage (4 hits, 25% each)
----- HP <= 20 -----
Rage + Risky Attack
Increase damage to 260% for the next 2 turns + Reduce damage from all sources by 20% for 3 turns (1 time use)
Forceful Throw
Leader changes to random sub for 5 turns

stage 0

1081 - Lemon Dragon @ level 10
Lemon... Sour... I want some...
Spawn random 3 Light orbs
----- Execute below actions in order repeatedly -----
It's tart, so just one...
8880 Damage - Spawn random 1 Heal orbs, Deal 100% damage
It's tart, but I'll take another one...
8880 Damage - Spawn random 1 Heal orbs, Deal 100% damage
It's tart... But I can't stop
8880 Damage - Spawn random 1 Heal orbs, Deal 100% damage
It's tart!!
22200 Damage - Deal 250% damage (5 hits, 50% each)

3065 - Eternal Jade Dragon Caller, Sonia TAMADRA @ level 7
Attack TAMA!
Increase damage to 300% for the next 1 turns (1 time use)
----- HP <= 100 -----
Brave Smash
17934 Damage - Deal 100% damage
----- HP <= 39 -----
Draco Summon TAMA!
Do nothing
----- HP <= 39 -----
Graviton Press
89670 Damage - Deal 500% damage (5 hits, 100% each)

3213 - Water Imp @ level 13
Quiet down, please...
Bind 1 random subs for 4 turns
----- Turn 1 -----
Enchanted Flute
13436 Damage - Change Random to Heal, Deal 75% damage (1 time use)
----- Turn 2 -----
Demon Solo
Increase damage to 300% for the next 999 turns
----- Turn 3 -----
Resonating Water
8957 Damage - Water skyfall +15% for 10 turns, Deal 50% damage

stage 1

2429 - Fire Dog Dragon, Tosawandra @ level 13
Staredown
Bind active skills for 3 turns
----- Turn 1 -----
Paw Shake
11328 Damage - Deal 70% damage (50% chance) (1 time use)
----- Turn 2 -----
Battle Soul
Increase damage to 200% for the next 999 turns
----- Turn 3 -----
Flame Bite
16184 Damage - Spawn random 4 Fire orbs, Deal 100% damage (1 time use)
----- HP <= 100 -----
Other Hand
22657 Damage - Deal 140% damage
----- HP <= 49 -----
Big Howl
Delay active skills by 1~2 turns
----- HP <= 10 -----
Fierce Charge
48552 Damage - Deal 300% damage (3 hits, 100% each)

2644 - Metallic Star Dragon, Virgo @ level 13
Idol Debris
Spawn random 6 Jammer orbs
----- Turn 1 -----
Adorable Eye
Bind 2 random subs for 1 turns
Lovable Eye
Delay active skills by 1 turns (1 time use)
----- HP <= 100 -----
Adorable Eye
Bind 2 random subs for 1 turns
Optical Eraser
14922 Damage - Deal 110% damage (2 hits, 55% each)
----- HP <= 49 -----
Wind Princess's Prayer
Spawn random 10 Jammer orbs
----- HP <= 10 -----
Virgo's Crest - Ray
40698 Damage - Deal 300% damage (5 hits, 60% each)

stage 2

101100 - Alt. Sea God's Songstress, Siren @ level 10
Balanced Halved
Reduce damage from Balanced by 50%
Abyssal Pressure + Song of Life Binding
Player -99% HP + Rcv 50% for 3 turns
----- HP <= 50 -----
Voice of Misfortune
Bind Wood cards for 2~3 turns (1 time use)
----- Execute below actions in order repeatedly -----
Song of Destruction
6285 Damage - Deal 50% damage
Song of Destruction
12570 Damage - Deal 100% damage
Song of Destruction
25140 Damage - Deal 200% damage
Song of Destruction
100560 Damage - Deal 800% damage

stage 3

101103 - Alt. Heavenly Herald, Archangel @ level 8
Angel Devil Half Reduced
Reduce damage from Devil by 50%
Cold Gaze
Movetime -3s for 5 turns
----- Turn 5 -----
Judgment from Heaven + Divine Protection
Bind 1 random subs for 20 turns + Increase damage to 150% for the next 99 turns
----- HP <= 100 -----
Shining Ray
42830 Damage - Change Random to Light, Deal 75% damage (33% chance)
Heart Break
28553 Damage - Change Heal to Jammer, Deal 50% damage (50% chance)
----- HP <= 75 -----
Resurrection
Enemy recover 100% hp (1 time use)

stage 4

3545 - Sun Crown Wisedragon, Apolluo @ level 6
Light damage halved
Reduce damage from Light by 50%
Lucent Ring
Absorb combo <= 6 damage for 999 turns (1 time use)
----- Turn 1 -----
Draco Radiance
Increase damage to 200% for the next 999 turns
----- HP <= 100 -----
Life Benediction + Iris Genesis
Enemy recover 50% hp + Change all orbs to Fire, Water, Wood, Light, Dark, Heal, Jammer

stage 5

1920 - Phantom Icedragon, Mirage Plesios @ level 7
Halves Plessios Fire-Wood
Reduce damage from Fire, Wood by 50%
Mirage Temptation + Frozen Celestial Ocean
Bind active skills for 5 turns + Locked Water, Heal skyfall +100% for 10 turns (1 time use)
----- Turn 1 -----
Cold air is building up
22051 Damage - Spawn random 4 Water orbs, Deal 150% damage (1 time use)
----- Turn 2 -----
Cold air is building up
29402 Damage - Spawn random 8 Water orbs, Deal 200% damage (1 time use)
----- Turn 3 -----
Cold air is building up
36752 Damage - Spawn random 16 Water orbs, Deal 250% damage (1 time use)
----- HP <= 100 -----
Brinicle
73505 Damage - Change all orbs to Water, Deal 500% damage

stage 6

100907 - Alt. Aqua Baron @ level 7
Physical Balanced Halved
Reduce damage from Balanced, Physical by 50%
Blizzard + Crystal Force
Water skyfall +20% for 20 turns + Specific orbs change every 1.0s for 10 turns
----- HP <= 100 -----
Ice Rush
28947 Damage - Deal 300% damage (2 hits, 150% each)
----- HP <= 50 -----
Crystal Reversal
25088 Damage - Specific orbs change every 1.0s for 10 turns, Deal 260% damage (1 time use)
Cold Trident
34737 Damage - Deal 360% damage (3 hits, 120% each)

stage 7

4417 - Monstrous Beast of the Gleaming Peak, Bigfoot @ level 7
Water Halved
Reduce damage from Water by 50%
Enhancement of the 5 Senses + Strong Body Protected by Snow
Voids status ailments for 30 turns + Reduce damage from all sources by 95% for 3 turns
----- Turn 3 -----
Rage + Risky Attack
Increase damage to 120% for the next 2 turns + Reduce damage from all sources by 90% for 3 turns (1 time use)
----- Turn 6 -----
Rage + Risky Attack
Increase damage to 140% for the next 2 turns + Reduce damage from all sources by 80% for 3 turns (1 time use)
----- Turn 9 -----
Rage + Risky Attack
Increase damage to 160% for the next 2 turns + Reduce damage from all sources by 70% for 3 turns (1 time use)
----- Turn 12 -----
Rage + Risky Attack
Increase damage to 180% for the next 2 turns + Reduce damage from all sources by 60% for 3 turns (1 time use)
----- Turn 15 -----
Rage + Risky Attack
Increase damage to 200% for the next 2 turns + Reduce damage from all sources by 50% for 3 turns (1 time use)
----- Turn 18 -----
Rage + Risky Attack
Increase damage to 220% for the next 2 turns + Reduce damage from all sources by 40% for 3 turns (1 time use)
----- HP <= 100 -----
Rage + Risky Attack
Increase damage to 240% for the next 2 turns + Reduce damage from all sources by 30% for 3 turns (1 time use)
----- HP <= 100 -----
Smash to Pieces
19805 Damage - Spawn random 8 Jammer orbs, Deal 90% damage (30% chance)
Battering
22006 Damage - Deal 100% damage (4 hits, 25% each)
----- HP <= 20 -----
Rage + Risky Attack
Increase damage to 260% for the next 2 turns + Reduce damage from all sources by 20% for 3 turns (1 time use)
Forceful Throw
Leader changes to random sub for 5 turns

Bigfoot Descended!-7x6 Board - Monstrous Beast-Mythical

stage 0

1081 - Lemon Dragon @ level 8
Lemon... Sour... I want some...
Spawn random 3 Light orbs
----- Execute below actions in order repeatedly -----
It's tart, so just one...
6972 Damage - Spawn random 1 Heal orbs, Deal 100% damage
It's tart, but I'll take another one...
6972 Damage - Spawn random 1 Heal orbs, Deal 100% damage
It's tart... But I can't stop
6972 Damage - Spawn random 1 Heal orbs, Deal 100% damage
It's tart!!
17431 Damage - Deal 250% damage (5 hits, 50% each)

3065 - Eternal Jade Dragon Caller, Sonia TAMADRA @ level 5
Attack TAMA!
Increase damage to 300% for the next 1 turns (1 time use)
----- HP <= 100 -----
Brave Smash
12250 Damage - Deal 100% damage
----- HP <= 39 -----
Draco Summon TAMA!
Do nothing
----- HP <= 39 -----
Graviton Press
61250 Damage - Deal 500% damage (5 hits, 100% each)

3213 - Water Imp @ level 10
Quiet down, please...
Bind 1 random subs for 4 turns
----- Turn 1 -----
Enchanted Flute
10102 Damage - Change Random to Heal, Deal 75% damage (1 time use)
----- Turn 2 -----
Demon Solo
Increase damage to 300% for the next 999 turns
----- Turn 3 -----
Resonating Water
6735 Damage - Water skyfall +15% for 10 turns, Deal 50% damage

stage 1

2429 - Fire Dog Dragon, Tosawandra @ level 10
Staredown
Bind active skills for 3 turns
----- Turn 1 -----
Paw Shake
8568 Damage - Deal 70% damage (50% chance) (1 time use)
----- Turn 2 -----
Battle Soul
Increase damage to 200% for the next 999 turns
----- Turn 3 -----
Flame Bite
12240 Damage - Spawn random 4 Fire orbs, Deal 100% damage (1 time use)
----- HP <= 100 -----
Other Hand
17136 Damage - Deal 140% damage
----- HP <= 49 -----
Big Howl
Delay active skills by 1~2 turns
----- HP <= 10 -----
Fierce Charge
36720 Damage - Deal 300% damage (3 hits, 100% each)

2644 - Metallic Star Dragon, Virgo @ level 10
Idol Debris
Spawn random 6 Jammer orbs
----- Turn 1 -----
Adorable Eye
Bind 2 random subs for 1 turns
Lovable Eye
Delay active skills by 1 turns (1 time use)
----- HP <= 100 -----
Adorable Eye
Bind 2 random subs for 1 turns
Optical Eraser
11286 Damage - Deal 110% damage (2 hits, 55% each)
----- HP <= 49 -----
Wind Princess's Prayer
Spawn random 10 Jammer orbs
----- HP <= 10 -----
Virgo's Crest - Ray
30780 Damage - Deal 300% damage (5 hits, 60% each)

stage 2

101100 - Alt. Sea God's Songstress, Siren @ level 8
Balanced Halved
Reduce damage from Balanced by 50%
Abyssal Pressure + Song of Life Binding
Player -99% HP + Rcv 50% for 3 turns
----- HP <= 50 -----
Voice of Misfortune
Bind Wood cards for 2~3 turns (1 time use)
----- Execute below actions in order repeatedly -----
Song of Destruction
4934 Damage - Deal 50% damage
Song of Destruction
9869 Damage - Deal 100% damage
Song of Destruction
19739 Damage - Deal 200% damage
Song of Destruction
78958 Damage - Deal 800% damage

stage 3

101103 - Alt. Heavenly Herald, Archangel @ level 5
Angel Devil Half Reduced
Reduce damage from Devil by 50%
Cold Gaze
Movetime -3s for 5 turns
----- Turn 5 -----
Judgment from Heaven + Divine Protection
Bind 1 random subs for 20 turns + Increase damage to 150% for the next 99 turns
----- HP <= 100 -----
Shining Ray
24683 Damage - Change Random to Light, Deal 75% damage (33% chance)
Heart Break
16455 Damage - Change Heal to Jammer, Deal 50% damage (50% chance)
----- HP <= 75 -----
Resurrection
Enemy recover 100% hp (1 time use)

stage 4

3545 - Sun Crown Wisedragon, Apolluo @ level 4
Light damage halved
Reduce damage from Light by 50%
Lucent Ring
Absorb combo <= 6 damage for 999 turns (1 time use)
----- Turn 1 -----
Draco Radiance
Increase damage to 200% for the next 999 turns
----- HP <= 100 -----
Life Benediction + Iris Genesis
Enemy recover 50% hp + Change all orbs to Fire, Water, Wood, Light, Dark, Heal, Jammer

stage 5

1920 - Phantom Icedragon, Mirage Plesios @ level 5
Halves Plessios Fire-Wood
Reduce damage from Fire, Wood by 50%
Mirage Temptation + Frozen Celestial Ocean
Bind active skills for 5 turns + Locked Water, Heal skyfall +100% for 10 turns (1 time use)
----- Turn 1 -----
Cold air is building up
15062 Damage - Spawn random 4 Water orbs, Deal 150% damage (1 time use)
----- Turn 2 -----
Cold air is building up
20083 Damage - Spawn random 8 Water orbs, Deal 200% damage (1 time use)
----- Turn 3 -----
Cold air is building up
25104 Damage - Spawn random 16 Water orbs, Deal 250% damage (1 time use)
----- HP <= 100 -----
Brinicle
50208 Damage - Change all orbs to Water, Deal 500% damage

stage 6

100907 - Alt. Aqua Baron @ level 5
Physical Balanced Halved
Reduce damage from Balanced, Physical by 50%
Blizzard + Crystal Force
Water skyfall +20% for 20 turns + Specific orbs change every 1.0s for 10 turns
----- HP <= 100 -----
Ice Rush
19846 Damage - Deal 300% damage (2 hits, 150% each)
----- HP <= 50 -----
Crystal Reversal
17200 Damage - Specific orbs change every 1.0s for 10 turns, Deal 260% damage (1 time use)
Cold Trident
23816 Damage - Deal 360% damage (3 hits, 120% each)

stage 7

4417 - Monstrous Beast of the Gleaming Peak, Bigfoot @ level 5
Water Halved
Reduce damage from Water by 50%
Enhancement of the 5 Senses + Strong Body Protected by Snow
Voids status ailments for 30 turns + Reduce damage from all sources by 95% for 3 turns
----- Turn 3 -----
Rage + Risky Attack
Increase damage to 120% for the next 2 turns + Reduce damage from all sources by 90% for 3 turns (1 time use)
----- Turn 6 -----
Rage + Risky Attack
Increase damage to 140% for the next 2 turns + Reduce damage from all sources by 80% for 3 turns (1 time use)
----- Turn 9 -----
Rage + Risky Attack
Increase damage to 160% for the next 2 turns + Reduce damage from all sources by 70% for 3 turns (1 time use)
----- Turn 12 -----
Rage + Risky Attack
Increase damage to 180% for the next 2 turns + Reduce damage from all sources by 60% for 3 turns (1 time use)
----- Turn 15 -----
Rage + Risky Attack
Increase damage to 200% for the next 2 turns + Reduce damage from all sources by 50% for 3 turns (1 time use)
----- Turn 18 -----
Rage + Risky Attack
Increase damage to 220% for the next 2 turns + Reduce damage from all sources by 40% for 3 turns (1 time use)
----- HP <= 100 -----
Rage + Risky Attack
Increase damage to 240% for the next 2 turns + Reduce damage from all sources by 30% for 3 turns (1 time use)
----- HP <= 100 -----
Smash to Pieces
13269 Damage - Spawn random 8 Jammer orbs, Deal 90% damage (30% chance)
Battering
14743 Damage - Deal 100% damage (4 hits, 25% each)
----- HP <= 20 -----
Rage + Risky Attack
Increase damage to 260% for the next 2 turns + Reduce damage from all sources by 20% for 3 turns (1 time use)
Forceful Throw
Leader changes to random sub for 5 turns

stage 0

1081 - Lemon Dragon @ level 10
Lemon... Sour... I want some...
Spawn random 3 Light orbs
----- Execute below actions in order repeatedly -----
It's tart, so just one...
8880 Damage - Spawn random 1 Heal orbs, Deal 100% damage
It's tart, but I'll take another one...
8880 Damage - Spawn random 1 Heal orbs, Deal 100% damage
It's tart... But I can't stop
8880 Damage - Spawn random 1 Heal orbs, Deal 100% damage
It's tart!!
22200 Damage - Deal 250% damage (5 hits, 50% each)

3065 - Eternal Jade Dragon Caller, Sonia TAMADRA @ level 7
Attack TAMA!
Increase damage to 300% for the next 1 turns (1 time use)
----- HP <= 100 -----
Brave Smash
17934 Damage - Deal 100% damage
----- HP <= 39 -----
Draco Summon TAMA!
Do nothing
----- HP <= 39 -----
Graviton Press
89670 Damage - Deal 500% damage (5 hits, 100% each)

3213 - Water Imp @ level 13
Quiet down, please...
Bind 1 random subs for 4 turns
----- Turn 1 -----
Enchanted Flute
13436 Damage - Change Random to Heal, Deal 75% damage (1 time use)
----- Turn 2 -----
Demon Solo
Increase damage to 300% for the next 999 turns
----- Turn 3 -----
Resonating Water
8957 Damage - Water skyfall +15% for 10 turns, Deal 50% damage

stage 1

2429 - Fire Dog Dragon, Tosawandra @ level 13
Staredown
Bind active skills for 3 turns
----- Turn 1 -----
Paw Shake
11328 Damage - Deal 70% damage (50% chance) (1 time use)
----- Turn 2 -----
Battle Soul
Increase damage to 200% for the next 999 turns
----- Turn 3 -----
Flame Bite
16184 Damage - Spawn random 4 Fire orbs, Deal 100% damage (1 time use)
----- HP <= 100 -----
Other Hand
22657 Damage - Deal 140% damage
----- HP <= 49 -----
Big Howl
Delay active skills by 1~2 turns
----- HP <= 10 -----
Fierce Charge
48552 Damage - Deal 300% damage (3 hits, 100% each)

2644 - Metallic Star Dragon, Virgo @ level 13
Idol Debris
Spawn random 6 Jammer orbs
----- Turn 1 -----
Adorable Eye
Bind 2 random subs for 1 turns
Lovable Eye
Delay active skills by 1 turns (1 time use)
----- HP <= 100 -----
Adorable Eye
Bind 2 random subs for 1 turns
Optical Eraser
14922 Damage - Deal 110% damage (2 hits, 55% each)
----- HP <= 49 -----
Wind Princess's Prayer
Spawn random 10 Jammer orbs
----- HP <= 10 -----
Virgo's Crest - Ray
40698 Damage - Deal 300% damage (5 hits, 60% each)

stage 2

101100 - Alt. Sea God's Songstress, Siren @ level 10
Balanced Halved
Reduce damage from Balanced by 50%
Abyssal Pressure + Song of Life Binding
Player -99% HP + Rcv 50% for 3 turns
----- HP <= 50 -----
Voice of Misfortune
Bind Wood cards for 2~3 turns (1 time use)
----- Execute below actions in order repeatedly -----
Song of Destruction
6285 Damage - Deal 50% damage
Song of Destruction
12570 Damage - Deal 100% damage
Song of Destruction
25140 Damage - Deal 200% damage
Song of Destruction
100560 Damage - Deal 800% damage

stage 3

101103 - Alt. Heavenly Herald, Archangel @ level 8
Angel Devil Half Reduced
Reduce damage from Devil by 50%
Cold Gaze
Movetime -3s for 5 turns
----- Turn 5 -----
Judgment from Heaven + Divine Protection
Bind 1 random subs for 20 turns + Increase damage to 150% for the next 99 turns
----- HP <= 100 -----
Shining Ray
42830 Damage - Change Random to Light, Deal 75% damage (33% chance)
Heart Break
28553 Damage - Change Heal to Jammer, Deal 50% damage (50% chance)
----- HP <= 75 -----
Resurrection
Enemy recover 100% hp (1 time use)

stage 4

3545 - Sun Crown Wisedragon, Apolluo @ level 6
Light damage halved
Reduce damage from Light by 50%
Lucent Ring
Absorb combo <= 6 damage for 999 turns (1 time use)
----- Turn 1 -----
Draco Radiance
Increase damage to 200% for the next 999 turns
----- HP <= 100 -----
Life Benediction + Iris Genesis
Enemy recover 50% hp + Change all orbs to Fire, Water, Wood, Light, Dark, Heal, Jammer

stage 5

1920 - Phantom Icedragon, Mirage Plesios @ level 7
Halves Plessios Fire-Wood
Reduce damage from Fire, Wood by 50%
Mirage Temptation + Frozen Celestial Ocean
Bind active skills for 5 turns + Locked Water, Heal skyfall +100% for 10 turns (1 time use)
----- Turn 1 -----
Cold air is building up
22051 Damage - Spawn random 4 Water orbs, Deal 150% damage (1 time use)
----- Turn 2 -----
Cold air is building up
29402 Damage - Spawn random 8 Water orbs, Deal 200% damage (1 time use)
----- Turn 3 -----
Cold air is building up
36752 Damage - Spawn random 16 Water orbs, Deal 250% damage (1 time use)
----- HP <= 100 -----
Brinicle
73505 Damage - Change all orbs to Water, Deal 500% damage

stage 6

100907 - Alt. Aqua Baron @ level 7
Physical Balanced Halved
Reduce damage from Balanced, Physical by 50%
Blizzard + Crystal Force
Water skyfall +20% for 20 turns + Specific orbs change every 1.0s for 10 turns
----- HP <= 100 -----
Ice Rush
28947 Damage - Deal 300% damage (2 hits, 150% each)
----- HP <= 50 -----
Crystal Reversal
25088 Damage - Specific orbs change every 1.0s for 10 turns, Deal 260% damage (1 time use)
Cold Trident
34737 Damage - Deal 360% damage (3 hits, 120% each)

stage 7

4417 - Monstrous Beast of the Gleaming Peak, Bigfoot @ level 7
Water Halved
Reduce damage from Water by 50%
Enhancement of the 5 Senses + Strong Body Protected by Snow
Voids status ailments for 30 turns + Reduce damage from all sources by 95% for 3 turns
----- Turn 3 -----
Rage + Risky Attack
Increase damage to 120% for the next 2 turns + Reduce damage from all sources by 90% for 3 turns (1 time use)
----- Turn 6 -----
Rage + Risky Attack
Increase damage to 140% for the next 2 turns + Reduce damage from all sources by 80% for 3 turns (1 time use)
----- Turn 9 -----
Rage + Risky Attack
Increase damage to 160% for the next 2 turns + Reduce damage from all sources by 70% for 3 turns (1 time use)
----- Turn 12 -----
Rage + Risky Attack
Increase damage to 180% for the next 2 turns + Reduce damage from all sources by 60% for 3 turns (1 time use)
----- Turn 15 -----
Rage + Risky Attack
Increase damage to 200% for the next 2 turns + Reduce damage from all sources by 50% for 3 turns (1 time use)
----- Turn 18 -----
Rage + Risky Attack
Increase damage to 220% for the next 2 turns + Reduce damage from all sources by 40% for 3 turns (1 time use)
----- HP <= 100 -----
Rage + Risky Attack
Increase damage to 240% for the next 2 turns + Reduce damage from all sources by 30% for 3 turns (1 time use)
----- HP <= 100 -----
Smash to Pieces
19805 Damage - Spawn random 8 Jammer orbs, Deal 90% damage (30% chance)
Battering
22006 Damage - Deal 100% damage (4 hits, 25% each)
----- HP <= 20 -----
Rage + Risky Attack
Increase damage to 260% for the next 2 turns + Reduce damage from all sources by 20% for 3 turns (1 time use)
Forceful Throw
Leader changes to random sub for 5 turns

