Gem Temple - Shortcut to Evolution-Annihilation

stage 0

4453 - Small Fire Gem @ level 1
Basic attacks (1)

4458 - Medium Fire Gem @ level 1
Basic attacks (1)

4463 - Large Fire Gem @ level 1
Basic attacks (1)

stage 1

4454 - Small Water Gem @ level 1
Basic attacks (1)

4459 - Medium Water Gem @ level 1
Basic attacks (1)

4464 - Large Water Gem @ level 1
Basic attacks (1)

stage 2

4455 - Small Wood Gem @ level 1
Basic attacks (1)

4460 - Medium Wood Gem @ level 1
Basic attacks (1)

4465 - Large Wood Gem @ level 1
Basic attacks (1)

stage 3

4456 - Small Light Gem @ level 1
Basic attacks (1)

4461 - Medium Light Gem @ level 1
Basic attacks (1)

4466 - Large Light Gem @ level 1
Basic attacks (1)

stage 4

4457 - Small Dark Gem @ level 1
Basic attacks (1)

4462 - Medium Dark Gem @ level 1
Basic attacks (1)

4467 - Large Dark Gem @ level 1
Basic attacks (1)

stage 0

4453 - Small Fire Gem @ level 3
Basic attacks (1)

4458 - Medium Fire Gem @ level 3
Basic attacks (1)

4463 - Large Fire Gem @ level 3
Basic attacks (1)

4468 - Almighty Awoken Zeus Vulcan's Gem @ level 3
Basic attacks (1)

4469 - Awoken Dancing Queen Hera-Ur's Gem @ level 3
Basic attacks (1)

4470 - Avowed Thief, Ishikawa Goemon's Gem @ level 3
Basic attacks (1)

4471 - Storm Mighty Dragon Emperor, Lifive's Gem @ level 3
Basic attacks (1)

4473 - Lightning Sky Stubborn Dragon King, Gainaut's Gem @ level 3
Basic attacks (1)

4477 - Scorched Claw Dragon, Flare Drall's Gem @ level 3
Basic attacks (1)

4478 - Reincarnated Burning Phoenix Knight, Homura's Gem @ level 3
Basic attacks (1)

4480 - Scorching Horned Heavenly Fire God, Agni's Gem @ level 3
Basic attacks (1)

4479 - War Machine King, Liberty Geist's Gem @ level 3
Basic attacks (1)

4481 - Demon Leader, Shuten-doji's Gem @ level 3
Basic attacks (1)

4482 - Hurricane Volcano Dragon's Gem @ level 3
Basic attacks (1)

4483 - Gigas the Great's Gem @ level 3
Basic attacks (1)

4486 - Unyielding Samurai Dragon King, Zaerog's Gem @ level 3
Basic attacks (1)

4485 - Firespike Hell Beast, Manticore's Gem @ level 3
Basic attacks (1)

stage 1

4454 - Small Water Gem @ level 3
Basic attacks (1)

4459 - Medium Water Gem @ level 3
Basic attacks (1)

4488 - Almighty Awoken Zeus Mercury's Gem @ level 3
Basic attacks (1)

4464 - Large Water Gem @ level 3
Basic attacks (1)

4489 - Permafrost Queen, Hera-Is's Gem @ level 3
Basic attacks (1)

4490 - White Rainbow Ark, Noah's Gem @ level 3
Basic attacks (1)

4491 - Barbed Frost Dragon Emperor, Ilsix's Gem @ level 3
Basic attacks (1)

4492 - Giant Arched Sea Dragon King, Volsung's Gem @ level 3
Basic attacks (1)

4495 - Drilling Shark Dragon, Megalodran's Gem @ level 3
Basic attacks (1)

4496 - Reincarnated Torrential Fenrir Knight, Kamui's Gem @ level 3
Basic attacks (1)

4497 - Blue Sky Goddess of Dawn, Khepri's Gem @ level 3
Basic attacks (1)

4498 - Draconic Songstress of Blue Echoes, Mion's Gem @ level 3
Basic attacks (1)

4499 - 5-Ore Magic Stone Dragon, Mithril Edge's Gem @ level 3
Basic attacks (1)

4500 - Mystic Pentad Dragon, Folklore's Gem @ level 3
Basic attacks (1)

4501 - Apex Blue Flower Dragon, Starling's Gem @ level 3
Basic attacks (1)

4502 - Blast Aurora Dragon's Gem @ level 3
Basic attacks (1)

4503 - Dragon Emperor, Buster Siegfried's Gem @ level 3
Basic attacks (1)

4505 - Bold Pirate Dragon King, Zaerog's Gem @ level 3
Basic attacks (1)

4573 - Arcane Monarch, Vampire Duke's Gem @ level 3
Basic attacks (1)

stage 2

4506 - Almighty Awoken Zeus-Dios's Gem @ level 3
Basic attacks (1)

4508 - Original Goddess of Decision, Gaia's Gem @ level 3
Basic attacks (1)

4507 - Colorful Queen, Hera-Beorc's Gem @ level 3
Basic attacks (1)

4509 - Awoken Machine Athena's Gem @ level 3
Basic attacks (1)

4510 - Rainbow Wing Dragon Emperor, Sevenzard's Gem @ level 3
Basic attacks (1)

4511 - Crystal Wind Dragon Queen, Linthia's Gem @ level 3
Basic attacks (1)

4513 - Horned Fort Dragon, Fortoytops's Gem @ level 3
Basic attacks (1)

4514 - Reincarnated Ancient Dragon Knight, Zeal's Gem @ level 3
Basic attacks (1)

4515 - Iron Machine King, Star Justice's Gem @ level 3
Basic attacks (1)

4517 - Green Light's Blossom, Kaguya-Hime's Gem @ level 3
Basic attacks (1)

4516 - Serpent Steel Star Healer, Ras's Gem @ level 3
Basic attacks (1)

4518 - 5 Mechdragon Fusion, God Canopus's Gem @ level 3
Basic attacks (1)

4519 - Queen of the Fairy Forest, Titania's Gem @ level 3
Basic attacks (1)

4520 - Gods' Threat Venomous Snake, Jörmungandr's Gem @ level 3
Basic attacks (1)

4521 - White Monkey Retainer, Hanuman's Gem @ level 3
Basic attacks (1)

4523 - Generate Earth Dragon's Gem @ level 3
Basic attacks (1)

4524 - Wolf Hero, Ignis Cu Chulainn's Gem @ level 3
Basic attacks (1)

4455 - Small Wood Gem @ level 3
Basic attacks (1)

4460 - Medium Wood Gem @ level 3
Basic attacks (1)

4465 - Large Wood Gem @ level 3
Basic attacks (1)

stage 3

4461 - Medium Light Gem @ level 3
Basic attacks (1)

4456 - Small Light Gem @ level 3
Basic attacks (1)

4466 - Large Light Gem @ level 3
Basic attacks (1)

4527 - Gleaming Queen, Hera-Sowilo's Gem @ level 3
Basic attacks (1)

4529 - Creation Empress God, Izanami's Gem @ level 3
Basic attacks (1)

4528 - Guardian of the Sacred City, Athena's Gem @ level 3
Basic attacks (1)

4530 - Gleaming Kouryu Emperor, Fagan's Gem @ level 3
Basic attacks (1)

4531 - Enlightened Meditating God, Sandalphon's Gem @ level 3
Basic attacks (1)

4532 - Awoken Machine Zeus's Gem @ level 3
Basic attacks (1)

4533 - Stone Scales Dragon Emperor, Deightros's Gem @ level 3
Basic attacks (1)

4534 - Unleashed Knight Dragon King, Nordis's Gem @ level 3
Basic attacks (1)

4539 - Sacred Dragon Beast, Angelion's Gem @ level 3
Basic attacks (1)

4540 - Reincarnated Godly Knight of the Sky, Verche's Gem @ level 3
Basic attacks (1)

4541 - Flash Machine King, Cosmo Crusader's Gem @ level 3
Basic attacks (1)

4542 - Dawning Dragon Caller, Sonia Gran's Gem @ level 3
Basic attacks (1)

4543 - Heaven Scribe, Enoch's Gem @ level 3
Basic attacks (1)

4546 - Mystic Pentad Dragon, Kotodama's Gem @ level 3
Basic attacks (1)

4545 - Angel of Secret Destiny, Elia's Gem @ level 3
Basic attacks (1)

4548 - Divine Law Goddess, Valkyrie Rose's Gem @ level 3
Basic attacks (1)

4547 - Tornado Holy Dragon's Gem @ level 3
Basic attacks (1)

4550 - Monstrous Beast of the Gleaming Peak, Bigfoot's Gem @ level 3
Basic attacks (1)

4551 - Monstrous Cetacean of the Clouds, Moby Dick's Gem @ level 3
Basic attacks (1)

stage 4

4457 - Small Dark Gem @ level 3
Basic attacks (1)

4467 - Large Dark Gem @ level 3
Basic attacks (1)

4462 - Medium Dark Gem @ level 3
Basic attacks (1)

4552 - Crazed King of Purgatory, Beelzebub's Gem @ level 3
Basic attacks (1)

4554 - Dark Kouryu Emperor, Fagan's Gem @ level 3
Basic attacks (1)

4553 - Pacifying Yomi Goddess, Izanami's Gem @ level 3
Basic attacks (1)

4555 - Awoken Machine Hera's Gem @ level 3
Basic attacks (1)

4556 - Wrathful Steel Dragon Emperor, Ninegaruda's Gem @ level 3
Basic attacks (1)

4557 - Maleficent Phantom Dragon King, Zaerog∞'s Gem @ level 3
Basic attacks (1)

4560 - Dark Mech General, Hysferzen's Gem @ level 3
Basic attacks (1)

4561 - Dark Winged Machine, Demonius's Gem @ level 3
Basic attacks (1)

4562 - Jester Dragon, Drawn Joker's Gem @ level 3
Basic attacks (1)

4563 - Reincarnated Chaos Dragon Knight, Voice's Gem @ level 3
Basic attacks (1)

4564 - Falcon Guardian's Dark Scorpion Goddess, Serket's Gem @ level 3
Basic attacks (1)

4565 - Dusking Dragon Caller, Sonia Gran Reverse's Gem @ level 3
Basic attacks (1)

4567 - 5 Mechdragon Combo, Demon Hadar's Gem @ level 3
Basic attacks (1)

4566 - Azure Spring Dragon Goddess, Kuramitsuha's Gem @ level 3
Basic attacks (1)

4568 - Nocturnal Corpse Wyrm, Dragon Zombie's Gem @ level 3
Basic attacks (1)

4569 - Lawless Demonic Gentleman, Azazel's Gem @ level 3
Basic attacks (1)

4571 - Unwavering Demon Dragon, Nobunaga's Gem @ level 3
Basic attacks (1)

4570 - Vibrant Butterfly Dragon, Swallowtail's Gem @ level 3
Basic attacks (1)

4572 - Dark Liege, Vampire Duke's Gem @ level 3
Basic attacks (1)

4575 - Ecstatic Mythical Beast Demon, Aamir's Gem @ level 3
Basic attacks (1)

stage 5

202716 - Smithing God, Hephaestus Dragon @ level 10
Hephaestus Resolve
Survive attacks with 1 HP when HP > 50%
Hephaestus Passive
Reduce damage from Water by 50%
Sturdy Flame Scales + Face to Face Match
Voids status ailments for 999 turns + Delay active skills by 15 turns
----- Turn 1 -----
Hell Fire Greataxe
15151 Damage - Deal 101% damage
----- Turn 2 -----
Double Hammer Hit
30602 Damage - Deal 204% damage (2 hits, 102% each)
----- Turn 3 -----
3 Blazing Blades
46353 Damage - Deal 309% damage (3 hits, 103% each)
----- Turn 4 -----
Crimson Lion
62404 Damage - Deal 416% damage (4 hits, 104% each)
----- Turn 5 -----
Painless Time-Split
78755 Damage - Deal 525% damage (5 hits, 105% each)
----- Turn 6 -----
Resounding Destructive Strength
95406 Damage - Deal 636% damage (6 hits, 106% each)
----- HP <= 100 -----
Divine Might
542886 Damage - Deal 3619% damage (7 hits, 517% each)
----- HP <= 1 -----
Fortitude
Enemy recover 50% hp

202717 - White Rainbow Ark, Noah Dragon @ level 10
Ark Scales + Sacred Boat Protective Walls + Blue Sky Rainbow
Voids status ailments for 999 turns + Void damage >= 5000000 for 99 turns + Absorb Fire, Light damage for 1 turns
Ark Scales + Sacred Boat Protective Walls + Blue Sky Rainbow
Voids status ailments for 999 turns + Void damage >= 5000000 for 99 turns + Absorb Fire, Dark damage for 1 turns
Ark Scales + Sacred Boat Protective Walls + Blue Sky Rainbow
Voids status ailments for 999 turns + Void damage >= 5000000 for 99 turns + Absorb Water, Light damage for 1 turns
Ark Scales + Sacred Boat Protective Walls + Blue Sky Rainbow
Voids status ailments for 999 turns + Void damage >= 5000000 for 99 turns + Absorb Water, Dark damage for 1 turns
Ark Scales + Sacred Boat Protective Walls + Blue Sky Rainbow
Voids status ailments for 999 turns + Void damage >= 5000000 for 99 turns + Absorb Wood, Light damage for 1 turns
Ark Scales + Sacred Boat Protective Walls + Blue Sky Rainbow
Voids status ailments for 999 turns + Void damage >= 5000000 for 99 turns + Absorb Wood, Dark damage for 1 turns
----- HP <= 100 -----
Blue Sky Rainbow + Prismatic Thunder + Strand Sacrifice
Absorb Fire, Light damage for 1 turns + Change Random to Fire + Bind 1 subs for 1 turns
Blue Sky Rainbow + Prismatic Thunder + Strand Sacrifice
Absorb Fire, Light damage for 1 turns + Change Random to Light + Bind 1 subs for 1 turns
Blue Sky Rainbow + Prismatic Thunder + Strand Sacrifice
Absorb Fire, Dark damage for 1 turns + Change Random to Fire + Bind 1 subs for 1 turns
Blue Sky Rainbow + Prismatic Thunder + Strand Sacrifice
Absorb Fire, Dark damage for 1 turns + Change Random to Dark + Bind 1 subs for 1 turns
Blue Sky Rainbow + Prismatic Thunder + Strand Sacrifice
Absorb Water, Light damage for 1 turns + Change Random to Water + Bind 1 subs for 1 turns
Blue Sky Rainbow + Prismatic Thunder + Strand Sacrifice
Absorb Water, Light damage for 1 turns + Change Random to Light + Bind 1 subs for 1 turns
Blue Sky Rainbow + Prismatic Thunder + Strand Sacrifice
Absorb Water, Dark damage for 1 turns + Change Random to Water + Bind 1 subs for 1 turns
Blue Sky Rainbow + Prismatic Thunder + Strand Sacrifice
Absorb Water, Dark damage for 1 turns + Change Random to Dark + Bind 1 subs for 1 turns
Blue Sky Rainbow + Prismatic Thunder + Strand Sacrifice
Absorb Wood, Light damage for 1 turns + Change Random to Wood + Bind 1 subs for 1 turns
Blue Sky Rainbow + Prismatic Thunder + Strand Sacrifice
Absorb Wood, Light damage for 1 turns + Change Random to Light + Bind 1 subs for 1 turns
Blue Sky Rainbow + Prismatic Thunder + Strand Sacrifice
Absorb Wood, Dark damage for 1 turns + Change Random to Wood + Bind 1 subs for 1 turns
Blue Sky Rainbow + Prismatic Thunder + Strand Sacrifice
Absorb Wood, Dark damage for 1 turns + Change Random to Dark + Bind 1 subs for 1 turns
----- HP <= 49 -----
Rainbow Blank + Strand Sacrifice + Ark Impact
Change Random to Jammer + Bind 1 subs for 1 turns + Player -99% HP
----- HP <= 90 -----
Retreat Ark + Fog Bow - Seal + First Judgement
Reduce damage from all sources by 75% for 1 turns + Bind active skills for 10 turns + Change all orbs to Fire, Water, Wood, Light, Dark
----- HP <= 70 -----
Retreat Ark + Fog Bow - Haze + Second Judgement
Reduce damage from all sources by 75% for 1 turns + Blind all orbs on the board + Change all orbs to Fire, Water, Wood, Light, Dark
----- HP <= 50 -----
Retreat Ark + Fog Bow - Gaze + Third Judgement
Reduce damage from all sources by 75% for 1 turns + Delay active skills by 5 turns + Enemy action
----- HP <= 30 -----
Retreat Ark + Fog Bow - Graze + Fourth Judgement
Reduce damage from all sources by 75% for 1 turns + Bind awoken skills for 2 turns + Change all orbs to Fire, Water, Wood, Light, Dark
----- HP <= 10 -----
Retreat Ark + Fog Bow - Purge + Final Judgement
Reduce damage from all sources by 75% for 1 turns + Voids player buff effects + Enemy action

202718 - Original Goddess, Gaia Dragon @ level 10
Antivirus + Gigantic Body + Energy Calm
Voids status ailments for 999 turns + Reduce damage from all sources by 75% for 7 turns + Void damage >= 6000000 for 99 turns
----- Turn 1 -----
The huge body started to move
Spawn random 3 Jammer orbs
----- Turn 2 -----
Raising its arm
Increase damage to 690% for the next attack
----- Turn 3 -----
Rearranging its posture
Spawn random 3 Jammer orbs
----- Turn 4 -----
Raising its arm again
Increase damage to 690% for the next attack
----- Turn 5 -----
Opening its mouth
Blind all orbs on the board
----- Turn 6 -----
Gaia Beam + Inhale
Change 3rd, 4th column to Wood orbs + Absorb Fire, Water damage for 3 turns
----- Turn 6 -----
Grand Ray
Player -500% HP
----- HP <= 100 -----
Skill Break
32812 Damage - Delay active skills by 3~5 turns, Deal 260% damage
----- HP <= 49 -----
Hardened Sign
42908 Damage - Lock 6 random Fire, Water, Wood, Light, Dark, Heal, Jammer, Poison, Mortal Poison orbs, Deal 340% damage
Earth's Mantle Press
45432 Damage - Blind all orbs on the board, Deal 360% damage
----- HP <= 30 -----
Cell Mending
53004 Damage - Enemy recover 10% hp, Deal 420% damage
Great Vine
51742 Damage - Bind 1 random for 5 turns, Deal 410% damage
----- HP <= 30 -----
Great Vine
51742 Damage - Bind 1 random for 5 turns, Deal 410% damage
----- HP <= 20 -----
Grand Ray
Player -500% HP

202719 - Almighty God, Zeus Dragon @ level 10
Divine King's Lightning Cloak + Dragon Skin + Wrath of Zeus
Void damage >= 20000000 for 99 turns + Voids status ailments for 999 turns + Player -35% HP
----- HP <= 100 -----
Glare of the Dragon God + Dragon Nova
Voids player buff effects + Player -500% HP
----- HP <= 49 -----
Almighty + Trial of the Sky + Heaven Commandment
Change own attribute to random one of Fire, Water, Wood, Light, Dark + Absorb combo <= 7 damage for 3 turns + Enemy action
----- HP <= 90 -----
Almighty + Thunder Bind
Change own attribute to random one of Fire, Water, Wood, Light, Dark + Bind 1 random for 2 turns
----- HP <= 80 -----
Almighty + Dark Lightning
Change own attribute to random one of Fire, Water, Wood, Light, Dark + Blind all orbs on the board
----- HP <= 70 -----
Almighty + Dead Fang
Change own attribute to random one of Fire, Water, Wood, Light, Dark + Change Random 3 to Poison
----- HP <= 60 -----
Almighty + Heart End
Change own attribute to random one of Fire, Water, Wood, Light, Dark + Change Heal to Jammer
----- HP <= 50 -----
Almighty + Volt Ray
Change own attribute to random one of Fire, Water, Wood, Light, Dark + Change 3rd column to Jammer orbs
----- HP <= 40 -----
Chain Blast + New Sky
Enemy action + Change all orbs to Heal, Poison
----- HP <= 30 -----
Storm Lightning + Glittering God
Enemy action + Lock 15 random Fire, Water, Wood, Light, Dark, Heal, Jammer, Poison orbs
----- HP <= 20 -----
Glare of the Dragon God + Dragon Nova
Voids player buff effects + Player -500% HP

202720 - Darkness Goddess, Hera Dragon @ level 10
Black Body + Dark Ball + Darkdragon's Baptism
Voids status ailments for 999 turns + Absorb damage >= 2000000 damage for 999 turns + Enemy action
----- HP <= 100 -----
Gathering Magical Power
Do nothing
----- HP <= 100 -----
Dark Eyes + Ultra Graviton Breath
Voids player buff effects + Enemy action

Gem Temple - Shortcut to Evolution-Master

stage 0

4453 - Small Fire Gem @ level 1
Basic attacks (1)

4458 - Medium Fire Gem @ level 1
Basic attacks (1)

4463 - Large Fire Gem @ level 1
Basic attacks (1)

stage 1

4454 - Small Water Gem @ level 1
Basic attacks (1)

4459 - Medium Water Gem @ level 1
Basic attacks (1)

4464 - Large Water Gem @ level 1
Basic attacks (1)

stage 2

4455 - Small Wood Gem @ level 1
Basic attacks (1)

4460 - Medium Wood Gem @ level 1
Basic attacks (1)

4465 - Large Wood Gem @ level 1
Basic attacks (1)

stage 3

4456 - Small Light Gem @ level 1
Basic attacks (1)

4461 - Medium Light Gem @ level 1
Basic attacks (1)

4466 - Large Light Gem @ level 1
Basic attacks (1)

stage 4

4457 - Small Dark Gem @ level 1
Basic attacks (1)

4462 - Medium Dark Gem @ level 1
Basic attacks (1)

4467 - Large Dark Gem @ level 1
Basic attacks (1)

stage 0

4453 - Small Fire Gem @ level 3
Basic attacks (1)

4458 - Medium Fire Gem @ level 3
Basic attacks (1)

4463 - Large Fire Gem @ level 3
Basic attacks (1)

4468 - Almighty Awoken Zeus Vulcan's Gem @ level 3
Basic attacks (1)

4469 - Awoken Dancing Queen Hera-Ur's Gem @ level 3
Basic attacks (1)

4470 - Avowed Thief, Ishikawa Goemon's Gem @ level 3
Basic attacks (1)

4471 - Storm Mighty Dragon Emperor, Lifive's Gem @ level 3
Basic attacks (1)

4473 - Lightning Sky Stubborn Dragon King, Gainaut's Gem @ level 3
Basic attacks (1)

4477 - Scorched Claw Dragon, Flare Drall's Gem @ level 3
Basic attacks (1)

4478 - Reincarnated Burning Phoenix Knight, Homura's Gem @ level 3
Basic attacks (1)

4480 - Scorching Horned Heavenly Fire God, Agni's Gem @ level 3
Basic attacks (1)

4479 - War Machine King, Liberty Geist's Gem @ level 3
Basic attacks (1)

4481 - Demon Leader, Shuten-doji's Gem @ level 3
Basic attacks (1)

4482 - Hurricane Volcano Dragon's Gem @ level 3
Basic attacks (1)

4483 - Gigas the Great's Gem @ level 3
Basic attacks (1)

4486 - Unyielding Samurai Dragon King, Zaerog's Gem @ level 3
Basic attacks (1)

4485 - Firespike Hell Beast, Manticore's Gem @ level 3
Basic attacks (1)

stage 1

4454 - Small Water Gem @ level 3
Basic attacks (1)

4459 - Medium Water Gem @ level 3
Basic attacks (1)

4488 - Almighty Awoken Zeus Mercury's Gem @ level 3
Basic attacks (1)

4464 - Large Water Gem @ level 3
Basic attacks (1)

4489 - Permafrost Queen, Hera-Is's Gem @ level 3
Basic attacks (1)

4490 - White Rainbow Ark, Noah's Gem @ level 3
Basic attacks (1)

4491 - Barbed Frost Dragon Emperor, Ilsix's Gem @ level 3
Basic attacks (1)

4492 - Giant Arched Sea Dragon King, Volsung's Gem @ level 3
Basic attacks (1)

4495 - Drilling Shark Dragon, Megalodran's Gem @ level 3
Basic attacks (1)

4496 - Reincarnated Torrential Fenrir Knight, Kamui's Gem @ level 3
Basic attacks (1)

4497 - Blue Sky Goddess of Dawn, Khepri's Gem @ level 3
Basic attacks (1)

4498 - Draconic Songstress of Blue Echoes, Mion's Gem @ level 3
Basic attacks (1)

4499 - 5-Ore Magic Stone Dragon, Mithril Edge's Gem @ level 3
Basic attacks (1)

4500 - Mystic Pentad Dragon, Folklore's Gem @ level 3
Basic attacks (1)

4501 - Apex Blue Flower Dragon, Starling's Gem @ level 3
Basic attacks (1)

4502 - Blast Aurora Dragon's Gem @ level 3
Basic attacks (1)

4503 - Dragon Emperor, Buster Siegfried's Gem @ level 3
Basic attacks (1)

4505 - Bold Pirate Dragon King, Zaerog's Gem @ level 3
Basic attacks (1)

4573 - Arcane Monarch, Vampire Duke's Gem @ level 3
Basic attacks (1)

stage 2

4506 - Almighty Awoken Zeus-Dios's Gem @ level 3
Basic attacks (1)

4508 - Original Goddess of Decision, Gaia's Gem @ level 3
Basic attacks (1)

4507 - Colorful Queen, Hera-Beorc's Gem @ level 3
Basic attacks (1)

4509 - Awoken Machine Athena's Gem @ level 3
Basic attacks (1)

4510 - Rainbow Wing Dragon Emperor, Sevenzard's Gem @ level 3
Basic attacks (1)

4511 - Crystal Wind Dragon Queen, Linthia's Gem @ level 3
Basic attacks (1)

4513 - Horned Fort Dragon, Fortoytops's Gem @ level 3
Basic attacks (1)

4514 - Reincarnated Ancient Dragon Knight, Zeal's Gem @ level 3
Basic attacks (1)

4515 - Iron Machine King, Star Justice's Gem @ level 3
Basic attacks (1)

4517 - Green Light's Blossom, Kaguya-Hime's Gem @ level 3
Basic attacks (1)

4516 - Serpent Steel Star Healer, Ras's Gem @ level 3
Basic attacks (1)

4518 - 5 Mechdragon Fusion, God Canopus's Gem @ level 3
Basic attacks (1)

4519 - Queen of the Fairy Forest, Titania's Gem @ level 3
Basic attacks (1)

4520 - Gods' Threat Venomous Snake, Jörmungandr's Gem @ level 3
Basic attacks (1)

4521 - White Monkey Retainer, Hanuman's Gem @ level 3
Basic attacks (1)

4523 - Generate Earth Dragon's Gem @ level 3
Basic attacks (1)

4524 - Wolf Hero, Ignis Cu Chulainn's Gem @ level 3
Basic attacks (1)

4455 - Small Wood Gem @ level 3
Basic attacks (1)

4460 - Medium Wood Gem @ level 3
Basic attacks (1)

4465 - Large Wood Gem @ level 3
Basic attacks (1)

stage 3

4461 - Medium Light Gem @ level 3
Basic attacks (1)

4456 - Small Light Gem @ level 3
Basic attacks (1)

4466 - Large Light Gem @ level 3
Basic attacks (1)

4527 - Gleaming Queen, Hera-Sowilo's Gem @ level 3
Basic attacks (1)

4529 - Creation Empress God, Izanami's Gem @ level 3
Basic attacks (1)

4528 - Guardian of the Sacred City, Athena's Gem @ level 3
Basic attacks (1)

4530 - Gleaming Kouryu Emperor, Fagan's Gem @ level 3
Basic attacks (1)

4531 - Enlightened Meditating God, Sandalphon's Gem @ level 3
Basic attacks (1)

4532 - Awoken Machine Zeus's Gem @ level 3
Basic attacks (1)

4533 - Stone Scales Dragon Emperor, Deightros's Gem @ level 3
Basic attacks (1)

4534 - Unleashed Knight Dragon King, Nordis's Gem @ level 3
Basic attacks (1)

4539 - Sacred Dragon Beast, Angelion's Gem @ level 3
Basic attacks (1)

4540 - Reincarnated Godly Knight of the Sky, Verche's Gem @ level 3
Basic attacks (1)

4541 - Flash Machine King, Cosmo Crusader's Gem @ level 3
Basic attacks (1)

4542 - Dawning Dragon Caller, Sonia Gran's Gem @ level 3
Basic attacks (1)

4543 - Heaven Scribe, Enoch's Gem @ level 3
Basic attacks (1)

4546 - Mystic Pentad Dragon, Kotodama's Gem @ level 3
Basic attacks (1)

4545 - Angel of Secret Destiny, Elia's Gem @ level 3
Basic attacks (1)

4548 - Divine Law Goddess, Valkyrie Rose's Gem @ level 3
Basic attacks (1)

4547 - Tornado Holy Dragon's Gem @ level 3
Basic attacks (1)

4550 - Monstrous Beast of the Gleaming Peak, Bigfoot's Gem @ level 3
Basic attacks (1)

4551 - Monstrous Cetacean of the Clouds, Moby Dick's Gem @ level 3
Basic attacks (1)

stage 4

4457 - Small Dark Gem @ level 3
Basic attacks (1)

4467 - Large Dark Gem @ level 3
Basic attacks (1)

4462 - Medium Dark Gem @ level 3
Basic attacks (1)

4552 - Crazed King of Purgatory, Beelzebub's Gem @ level 3
Basic attacks (1)

4554 - Dark Kouryu Emperor, Fagan's Gem @ level 3
Basic attacks (1)

4553 - Pacifying Yomi Goddess, Izanami's Gem @ level 3
Basic attacks (1)

4555 - Awoken Machine Hera's Gem @ level 3
Basic attacks (1)

4556 - Wrathful Steel Dragon Emperor, Ninegaruda's Gem @ level 3
Basic attacks (1)

4557 - Maleficent Phantom Dragon King, Zaerog∞'s Gem @ level 3
Basic attacks (1)

4560 - Dark Mech General, Hysferzen's Gem @ level 3
Basic attacks (1)

4561 - Dark Winged Machine, Demonius's Gem @ level 3
Basic attacks (1)

4562 - Jester Dragon, Drawn Joker's Gem @ level 3
Basic attacks (1)

4563 - Reincarnated Chaos Dragon Knight, Voice's Gem @ level 3
Basic attacks (1)

4564 - Falcon Guardian's Dark Scorpion Goddess, Serket's Gem @ level 3
Basic attacks (1)

4565 - Dusking Dragon Caller, Sonia Gran Reverse's Gem @ level 3
Basic attacks (1)

4567 - 5 Mechdragon Combo, Demon Hadar's Gem @ level 3
Basic attacks (1)

4566 - Azure Spring Dragon Goddess, Kuramitsuha's Gem @ level 3
Basic attacks (1)

4568 - Nocturnal Corpse Wyrm, Dragon Zombie's Gem @ level 3
Basic attacks (1)

4569 - Lawless Demonic Gentleman, Azazel's Gem @ level 3
Basic attacks (1)

4571 - Unwavering Demon Dragon, Nobunaga's Gem @ level 3
Basic attacks (1)

4570 - Vibrant Butterfly Dragon, Swallowtail's Gem @ level 3
Basic attacks (1)

4572 - Dark Liege, Vampire Duke's Gem @ level 3
Basic attacks (1)

4575 - Ecstatic Mythical Beast Demon, Aamir's Gem @ level 3
Basic attacks (1)

stage 5

202716 - Smithing God, Hephaestus Dragon @ level 10
Hephaestus Resolve
Survive attacks with 1 HP when HP > 50%
Hephaestus Passive
Reduce damage from Water by 50%
Sturdy Flame Scales + Face to Face Match
Voids status ailments for 999 turns + Delay active skills by 15 turns
----- Turn 1 -----
Hell Fire Greataxe
15151 Damage - Deal 101% damage
----- Turn 2 -----
Double Hammer Hit
30602 Damage - Deal 204% damage (2 hits, 102% each)
----- Turn 3 -----
3 Blazing Blades
46353 Damage - Deal 309% damage (3 hits, 103% each)
----- Turn 4 -----
Crimson Lion
62404 Damage - Deal 416% damage (4 hits, 104% each)
----- Turn 5 -----
Painless Time-Split
78755 Damage - Deal 525% damage (5 hits, 105% each)
----- Turn 6 -----
Resounding Destructive Strength
95406 Damage - Deal 636% damage (6 hits, 106% each)
----- HP <= 100 -----
Divine Might
542886 Damage - Deal 3619% damage (7 hits, 517% each)
----- HP <= 1 -----
Fortitude
Enemy recover 50% hp

202717 - White Rainbow Ark, Noah Dragon @ level 10
Ark Scales + Sacred Boat Protective Walls + Blue Sky Rainbow
Voids status ailments for 999 turns + Void damage >= 5000000 for 99 turns + Absorb Fire, Light damage for 1 turns
Ark Scales + Sacred Boat Protective Walls + Blue Sky Rainbow
Voids status ailments for 999 turns + Void damage >= 5000000 for 99 turns + Absorb Fire, Dark damage for 1 turns
Ark Scales + Sacred Boat Protective Walls + Blue Sky Rainbow
Voids status ailments for 999 turns + Void damage >= 5000000 for 99 turns + Absorb Water, Light damage for 1 turns
Ark Scales + Sacred Boat Protective Walls + Blue Sky Rainbow
Voids status ailments for 999 turns + Void damage >= 5000000 for 99 turns + Absorb Water, Dark damage for 1 turns
Ark Scales + Sacred Boat Protective Walls + Blue Sky Rainbow
Voids status ailments for 999 turns + Void damage >= 5000000 for 99 turns + Absorb Wood, Light damage for 1 turns
Ark Scales + Sacred Boat Protective Walls + Blue Sky Rainbow
Voids status ailments for 999 turns + Void damage >= 5000000 for 99 turns + Absorb Wood, Dark damage for 1 turns
----- HP <= 100 -----
Blue Sky Rainbow + Prismatic Thunder + Strand Sacrifice
Absorb Fire, Light damage for 1 turns + Change Random to Fire + Bind 1 subs for 1 turns
Blue Sky Rainbow + Prismatic Thunder + Strand Sacrifice
Absorb Fire, Light damage for 1 turns + Change Random to Light + Bind 1 subs for 1 turns
Blue Sky Rainbow + Prismatic Thunder + Strand Sacrifice
Absorb Fire, Dark damage for 1 turns + Change Random to Fire + Bind 1 subs for 1 turns
Blue Sky Rainbow + Prismatic Thunder + Strand Sacrifice
Absorb Fire, Dark damage for 1 turns + Change Random to Dark + Bind 1 subs for 1 turns
Blue Sky Rainbow + Prismatic Thunder + Strand Sacrifice
Absorb Water, Light damage for 1 turns + Change Random to Water + Bind 1 subs for 1 turns
Blue Sky Rainbow + Prismatic Thunder + Strand Sacrifice
Absorb Water, Light damage for 1 turns + Change Random to Light + Bind 1 subs for 1 turns
Blue Sky Rainbow + Prismatic Thunder + Strand Sacrifice
Absorb Water, Dark damage for 1 turns + Change Random to Water + Bind 1 subs for 1 turns
Blue Sky Rainbow + Prismatic Thunder + Strand Sacrifice
Absorb Water, Dark damage for 1 turns + Change Random to Dark + Bind 1 subs for 1 turns
Blue Sky Rainbow + Prismatic Thunder + Strand Sacrifice
Absorb Wood, Light damage for 1 turns + Change Random to Wood + Bind 1 subs for 1 turns
Blue Sky Rainbow + Prismatic Thunder + Strand Sacrifice
Absorb Wood, Light damage for 1 turns + Change Random to Light + Bind 1 subs for 1 turns
Blue Sky Rainbow + Prismatic Thunder + Strand Sacrifice
Absorb Wood, Dark damage for 1 turns + Change Random to Wood + Bind 1 subs for 1 turns
Blue Sky Rainbow + Prismatic Thunder + Strand Sacrifice
Absorb Wood, Dark damage for 1 turns + Change Random to Dark + Bind 1 subs for 1 turns
----- HP <= 49 -----
Rainbow Blank + Strand Sacrifice + Ark Impact
Change Random to Jammer + Bind 1 subs for 1 turns + Player -99% HP
----- HP <= 90 -----
Retreat Ark + Fog Bow - Seal + First Judgement
Reduce damage from all sources by 75% for 1 turns + Bind active skills for 10 turns + Change all orbs to Fire, Water, Wood, Light, Dark
----- HP <= 70 -----
Retreat Ark + Fog Bow - Haze + Second Judgement
Reduce damage from all sources by 75% for 1 turns + Blind all orbs on the board + Change all orbs to Fire, Water, Wood, Light, Dark
----- HP <= 50 -----
Retreat Ark + Fog Bow - Gaze + Third Judgement
Reduce damage from all sources by 75% for 1 turns + Delay active skills by 5 turns + Enemy action
----- HP <= 30 -----
Retreat Ark + Fog Bow - Graze + Fourth Judgement
Reduce damage from all sources by 75% for 1 turns + Bind awoken skills for 2 turns + Change all orbs to Fire, Water, Wood, Light, Dark
----- HP <= 10 -----
Retreat Ark + Fog Bow - Purge + Final Judgement
Reduce damage from all sources by 75% for 1 turns + Voids player buff effects + Enemy action

202718 - Original Goddess, Gaia Dragon @ level 10
Antivirus + Gigantic Body + Energy Calm
Voids status ailments for 999 turns + Reduce damage from all sources by 75% for 7 turns + Void damage >= 6000000 for 99 turns
----- Turn 1 -----
The huge body started to move
Spawn random 3 Jammer orbs
----- Turn 2 -----
Raising its arm
Increase damage to 690% for the next attack
----- Turn 3 -----
Rearranging its posture
Spawn random 3 Jammer orbs
----- Turn 4 -----
Raising its arm again
Increase damage to 690% for the next attack
----- Turn 5 -----
Opening its mouth
Blind all orbs on the board
----- Turn 6 -----
Gaia Beam + Inhale
Change 3rd, 4th column to Wood orbs + Absorb Fire, Water damage for 3 turns
----- Turn 6 -----
Grand Ray
Player -500% HP
----- HP <= 100 -----
Skill Break
32812 Damage - Delay active skills by 3~5 turns, Deal 260% damage
----- HP <= 49 -----
Hardened Sign
42908 Damage - Lock 6 random Fire, Water, Wood, Light, Dark, Heal, Jammer, Poison, Mortal Poison orbs, Deal 340% damage
Earth's Mantle Press
45432 Damage - Blind all orbs on the board, Deal 360% damage
----- HP <= 30 -----
Cell Mending
53004 Damage - Enemy recover 10% hp, Deal 420% damage
Great Vine
51742 Damage - Bind 1 random for 5 turns, Deal 410% damage
----- HP <= 30 -----
Great Vine
51742 Damage - Bind 1 random for 5 turns, Deal 410% damage
----- HP <= 20 -----
Grand Ray
Player -500% HP

202719 - Almighty God, Zeus Dragon @ level 10
Divine King's Lightning Cloak + Dragon Skin + Wrath of Zeus
Void damage >= 20000000 for 99 turns + Voids status ailments for 999 turns + Player -35% HP
----- HP <= 100 -----
Glare of the Dragon God + Dragon Nova
Voids player buff effects + Player -500% HP
----- HP <= 49 -----
Almighty + Trial of the Sky + Heaven Commandment
Change own attribute to random one of Fire, Water, Wood, Light, Dark + Absorb combo <= 7 damage for 3 turns + Enemy action
----- HP <= 90 -----
Almighty + Thunder Bind
Change own attribute to random one of Fire, Water, Wood, Light, Dark + Bind 1 random for 2 turns
----- HP <= 80 -----
Almighty + Dark Lightning
Change own attribute to random one of Fire, Water, Wood, Light, Dark + Blind all orbs on the board
----- HP <= 70 -----
Almighty + Dead Fang
Change own attribute to random one of Fire, Water, Wood, Light, Dark + Change Random 3 to Poison
----- HP <= 60 -----
Almighty + Heart End
Change own attribute to random one of Fire, Water, Wood, Light, Dark + Change Heal to Jammer
----- HP <= 50 -----
Almighty + Volt Ray
Change own attribute to random one of Fire, Water, Wood, Light, Dark + Change 3rd column to Jammer orbs
----- HP <= 40 -----
Chain Blast + New Sky
Enemy action + Change all orbs to Heal, Poison
----- HP <= 30 -----
Storm Lightning + Glittering God
Enemy action + Lock 15 random Fire, Water, Wood, Light, Dark, Heal, Jammer, Poison orbs
----- HP <= 20 -----
Glare of the Dragon God + Dragon Nova
Voids player buff effects + Player -500% HP

202720 - Darkness Goddess, Hera Dragon @ level 10
Black Body + Dark Ball + Darkdragon's Baptism
Voids status ailments for 999 turns + Absorb damage >= 2000000 damage for 999 turns + Enemy action
----- HP <= 100 -----
Gathering Magical Power
Do nothing
----- HP <= 100 -----
Dark Eyes + Ultra Graviton Breath
Voids player buff effects + Enemy action

