13M DL Experience of Lifetime Part 1 - Experience Boost TAMA!

stage 0

2067 - Extreme King Metal TAMADRA @ level 1
Growing stronger-TAMA!
Do nothing
----- HP <= 100 -----
Growing stronger-TAMA!
Do nothing (50% chance)
Delicious-TAMA!
Do nothing

