13M DL Gift Dungeon [1] - 13 Million Downloads TAMA!

stage 0

4175 - 6-Year Anniversary TAMADRA @ level 1
Thank you, TAMA!
Do nothing
----- Turn 1 -----
Celebrate with us, TAMA!
Do nothing (1 time use)
----- HP <= 100 -----
Thank you, TAMA!
Do nothing

