3607 Nidhogg Descended!
1,0,100312,4
100312 - Alt. Blazing Ice Ogre @ level 4ProcessedSkillset
Base:
ESResolve Ogre Resolve Survive attacks with 1 HP when HP>50%

Preemptives:
Condition: {"ai": 100, "description": null, "hp_threshold": null, "one_time": null, "rnd": 0}
ESAttackMultihit Strike Deal 60% damage (2 hits, 30% each)

Timed Groups:

Turn 1
Condition: {"ai": 100, "description": "One-time use", "hp_threshold": null, "one_time": 1, "rnd": 0}
ESBindRandom Binding Move Bind 1 random cards for 10 turns

EnemyCount Groups:

HP Groups:

HP Ceiling 49
Condition: {"ai": 100, "description": null, "hp_threshold": null, "one_time": null, "rnd": 0}
ESAttackMultihit Flame Strike Deal 150% damage
1,0,100313,4
100313 - Alt. Wood Ice Ogre @ level 4ProcessedSkillset
Base:
ESResolve Ogre Resolve Survive attacks with 1 HP when HP>50%

Preemptives:
Condition: {"ai": 100, "description": null, "hp_threshold": null, "one_time": null, "rnd": 0}
ESCloud Dangerous Afro Cut 3x3 cloud appear for 3 turns at random location

Timed Groups:

Turn 1
Condition: {"ai": 100, "description": "One-time use", "hp_threshold": null, "one_time": 1, "rnd": 0}
ESBindRandom Binding Move Bind 1 random cards for 10 turns

EnemyCount Groups:

HP Groups:

HP Ceiling 49
Condition: {"ai": 100, "description": null, "hp_threshold": null, "one_time": null, "rnd": 0}
ESAttackMultihit Rock Strike Deal 150% damage
1,1,1919,5
1919 - Rumbling Firedragon, Armored Tyrannos @ level 5ProcessedSkillset
Base:

Preemptives:
SkillSet:
	Condition: {"ai": 100, "description": null, "hp_threshold": null, "one_time": null, "rnd": 0}
	0 ESAbsorbCombo Gigantic Body Absorb combo <= 6 damage for 999 turns
	1 ESSkyfall Black Missile Poison skyfall +5% for 10 turns

Timed Groups:

EnemyCount Groups:

HP Groups:

HP Ceiling 100
Condition: {"ai": 50, "description": "50% chance", "hp_threshold": null, "one_time": null, "rnd": 0}
ESSkillDelay Hyper Claw Delay active skills by 1 turns
Condition: {"ai": 100, "description": null, "hp_threshold": null, "one_time": null, "rnd": 0}
ESAttackMultihit Claw Rush Deal 270% damage (3 hits, 90% each)

HP Ceiling 100
Condition: {"ai": 0, "description": "25% chance", "hp_threshold": null, "one_time": null, "rnd": 25}
ESBombFixedSpawn Line Bomb Spawn Bomb orbs in the specified positions
Condition: {"ai": 0, "description": "25% chance", "hp_threshold": null, "one_time": null, "rnd": 25}
ESBombFixedSpawn Line Bomb Spawn Bomb orbs in the specified positions
Condition: {"ai": 0, "description": "25% chance", "hp_threshold": null, "one_time": null, "rnd": 25}
ESBombFixedSpawn Line Bomb Spawn Bomb orbs in the specified positions
Condition: {"ai": 0, "description": "25% chance", "hp_threshold": null, "one_time": null, "rnd": 25}
ESBombFixedSpawn Line Bomb Spawn Bomb orbs in the specified positions

HP Ceiling 50
Condition: {"ai": 100, "description": "When <50% hp , one-time use", "hp_threshold": 50, "one_time": 1, "rnd": 0}
ESDebuffMovetime Jamming Missile Movetime -1s for 10 turns

HP Ceiling 20
Condition: {"ai": 100, "description": "When <20% hp", "hp_threshold": 20, "one_time": null, "rnd": 0}
ESAttackUp Red Device Increase damage to 200% for the next 999 turns
1,2,100411,5
100411 - Alt. Cyberdragon Valhalla @ level 5ProcessedSkillset
Base:
ESTypeResist Devil Halved Reduce damage from Devil by 50%

Preemptives:
SkillSet:
	Condition: {"ai": 100, "description": "One-time use", "hp_threshold": null, "one_time": 2, "rnd": 0}
	0 ESBlindStickyFixed Sequenced Power Outage Blind orbs in specific positions for 1 turns
	1 ESOrbLock Electrification Lock all Fire, Water, Wood, Light, Dark, Heal, Jammer, Poison, Mortal Poison orbs

Timed Groups:

EnemyCount Groups:

HP Groups:

HP Ceiling 100
Condition: {"ai": 100, "description": null, "hp_threshold": null, "one_time": null, "rnd": 0}
ESAttackMultihit God's Holy Breath Deal 400% damage (4 hits, 100% each)
1,3,2393,5
2393 - Awoken Idunn & Idunna @ level 5ProcessedSkillset
Base:
ESResolve Resolve Survive attacks with 1 HP when HP>50%

Preemptives:
SkillSet:
	Condition: {"ai": 100, "description": null, "hp_threshold": null, "one_time": null, "rnd": 0}
	0 ESStatusShield Welcome! Voids status ailments for 999 turns
	1 ESBombFixedSpawn Lovely Bomb Spawn Bomb orbs in the specified positions

Timed Groups:

EnemyCount Groups:

HP Groups:

HP Ceiling 100
SkillSet:
	Condition: {"ai": 0, "description": "34% chance", "hp_threshold": null, "one_time": null, "rnd": 34}
	0 ESRandomSpawn Fehde Gandr Spawn random 3 Water, Dark orbs
	1 ESAttackMultihit Yule Hörgr Deal 100% damage (2 hits, 50% each)
SkillSet:
	Condition: {"ai": 0, "description": "33% chance", "hp_threshold": null, "one_time": null, "rnd": 33}
	0 ESColumnSpawnMulti Blót Gandr Change 1st column to Water orbs, 6th column to Dark orbs
	1 ESAttackMultihit Yule Hörgr Deal 100% damage (2 hits, 50% each)
SkillSet:
	Condition: {"ai": 0, "description": "33% chance", "hp_threshold": null, "one_time": null, "rnd": 33}
	0 ESDamageShield Symbel Seidzr Reduce damage from all sources by 50% for 1 turns
	1 ESAttackMultihit Yule Hörgr Deal 100% damage (2 hits, 50% each)

HP Ceiling 100
SkillSet:
	Condition: {"ai": 100, "description": null, "hp_threshold": null, "one_time": null, "rnd": 0}
	0 ESBlind It's pitch black! Blind all orbs on the board
	1 ESBombFixedSpawn Lovely Bomb Spawn Bomb orbs in the specified positions

HP Ceiling 49
SkillSet:
	Condition: {"ai": 100, "description": null, "hp_threshold": null, "one_time": null, "rnd": 0}
	0 ESRecoverPlayer Please replenish your strength Player recover 100% hp
	1 ESInactivity I'll give you an apple, too! Do nothing
	2 ESBoardChange Ah, that's... Change all orbs to Poison

HP Ceiling 14
SkillSet:
	Condition: {"ai": 100, "description": null, "hp_threshold": null, "one_time": null, "rnd": 0}
	0 ESAttackMultihit Yah! Deal 150% damage
	1 ESAttackMultihit Toh! Deal 150% damage

HP Ceiling 0
SkillSet:
	Condition: {"ai": 100, "description": "One-time use", "hp_threshold": null, "one_time": 1, "rnd": 0}
	0 ESRecoverEnemy That hurts! Enemy recover 50% hp
	1 ESBindAwoken I won't forgive you! Bind awoken skills for 1 turns

HP Ceiling 0
SkillSet:
	Condition: {"ai": 100, "description": null, "hp_threshold": null, "one_time": null, "rnd": 0}
	0 ESRecoverEnemy That hurts! Enemy recover 50% hp
	1 ESBoardChange I'll give you something first-rate! Change all orbs to Mortal Poison
1,4,4652,5
4652 - Malice Dracosnake of the Blazehorns, Nidhogg @ level 5ProcessedSkillset
Base:
ESTurnChangePassive It spread its wings wide Enemy turn counter change to 1 when HP<50%

Preemptives:
SkillSet:
	Condition: {"ai": 100, "description": null, "hp_threshold": null, "one_time": null, "rnd": 0}
	0 ESVoidShield Heat Armor Void damage>40000000 for 99 turns
	1 ESSkillDelay Form Collapse Delay active skills by 7 turns

Timed Groups:

EnemyCount Groups:

HP Groups:

HP Ceiling 100
SkillSet:
	Condition: {"ai": 0, "description": "25% chance", "hp_threshold": null, "one_time": null, "rnd": 25}
	0 ESBoardChange Breath of Decay Change all orbs to Jammer
	1 ESBindAttack Liberation from Freedom Bind 3 random for 2 turns & Deal 115% damage
SkillSet:
	Condition: {"ai": 0, "description": "25% chance", "hp_threshold": null, "one_time": null, "rnd": 25}
	0 ESBoardChange Breath of Decay Change all orbs to Jammer
	1 ESRowSpawnMulti Abundant Maliciousness Change 3rd row to Poison orbs & Deal 100% damage
SkillSet:
	Condition: {"ai": 0, "description": "25% chance", "hp_threshold": null, "one_time": null, "rnd": 25}
	0 ESBoardChange Breath of Decay Change all orbs to Jammer
	1 ESSkyfall Corrosive Dust Jammer skyfall +20% for 1 turns
SkillSet:
	Condition: {"ai": 0, "description": "25% chance", "hp_threshold": null, "one_time": null, "rnd": 25}
	0 ESBoardChange Breath of Decay Change all orbs to Jammer
	1 ESAttackMultihit Gnaw Away Deal 120% damage (5 hits, 24% each)

HP Ceiling 49
SkillSet:
	Condition: {"ai": 100, "description": null, "hp_threshold": null, "one_time": null, "rnd": 0}
	0 ESStatusShield Blazing Dragon Scales Voids status ailments for 999 turns
	1 ESDamageShield Flames are gathering in the mouth Reduce damage from all sources by 75% for 1 turns

HP Ceiling 49
SkillSet:
	Condition: {"ai": 100, "description": null, "hp_threshold": null, "one_time": null, "rnd": 0}
	0 ESChangeAttribute Its flames changed Change own attribute to Fire
	1 ESBoardChangeAttackBits Scorching Firelands Change all orbs to Fire & Deal 500% damage

HP Ceiling 49
Condition: {"ai": 50, "description": "One-time use", "hp_threshold": null, "one_time": 1, "rnd": 0}
ESDebuffMovetime Lamplight of the Echoing Sphere Movetime -3s for 1 turns

HP Ceiling 49
Condition: {"ai": 50, "description": "50% chance", "hp_threshold": null, "one_time": null, "rnd": 0}
ESCloud Enshrouding Miasma 3x3 cloud appear for 1 turns at random location
Condition: {"ai": 100, "description": "When fire, water, wood, light, dark, heal, poison, mortal poison orbs are on the board", "hp_threshold": null, "one_time": null, "rnd": 0}
ESRandomSpawn Rotting Desire Spawn random 8 Jammer orbs

HP Ceiling 4
SkillSet:
	Condition: {"ai": 100, "description": null, "hp_threshold": null, "one_time": null, "rnd": 0}
	0 ESChangeAttribute Spiral Flames Change own attribute to random one of Dark, Fire
	1 ESAttackMultihit Devastating Flames Deal 1000% damage (5 hits, 200% each)
2,0,100312,6
100312 - Alt. Blazing Ice Ogre @ level 6ProcessedSkillset
Base:
ESResolve Ogre Resolve Survive attacks with 1 HP when HP>50%

Preemptives:
Condition: {"ai": 100, "description": null, "hp_threshold": null, "one_time": null, "rnd": 0}
ESAttackMultihit Strike Deal 60% damage (2 hits, 30% each)

Timed Groups:

Turn 1
Condition: {"ai": 100, "description": "One-time use", "hp_threshold": null, "one_time": 1, "rnd": 0}
ESBindRandom Binding Move Bind 1 random cards for 10 turns

EnemyCount Groups:

HP Groups:

HP Ceiling 49
Condition: {"ai": 100, "description": null, "hp_threshold": null, "one_time": null, "rnd": 0}
ESAttackMultihit Flame Strike Deal 150% damage
2,0,100313,6
100313 - Alt. Wood Ice Ogre @ level 6ProcessedSkillset
Base:
ESResolve Ogre Resolve Survive attacks with 1 HP when HP>50%

Preemptives:
Condition: {"ai": 100, "description": null, "hp_threshold": null, "one_time": null, "rnd": 0}
ESCloud Dangerous Afro Cut 3x3 cloud appear for 3 turns at random location

Timed Groups:

Turn 1
Condition: {"ai": 100, "description": "One-time use", "hp_threshold": null, "one_time": 1, "rnd": 0}
ESBindRandom Binding Move Bind 1 random cards for 10 turns

EnemyCount Groups:

HP Groups:

HP Ceiling 49
Condition: {"ai": 100, "description": null, "hp_threshold": null, "one_time": null, "rnd": 0}
ESAttackMultihit Rock Strike Deal 150% damage
2,1,1919,8
1919 - Rumbling Firedragon, Armored Tyrannos @ level 8ProcessedSkillset
Base:

Preemptives:
SkillSet:
	Condition: {"ai": 100, "description": null, "hp_threshold": null, "one_time": null, "rnd": 0}
	0 ESAbsorbCombo Gigantic Body Absorb combo <= 6 damage for 999 turns
	1 ESSkyfall Black Missile Poison skyfall +5% for 10 turns

Timed Groups:

EnemyCount Groups:

HP Groups:

HP Ceiling 100
Condition: {"ai": 50, "description": "50% chance", "hp_threshold": null, "one_time": null, "rnd": 0}
ESSkillDelay Hyper Claw Delay active skills by 1 turns
Condition: {"ai": 100, "description": null, "hp_threshold": null, "one_time": null, "rnd": 0}
ESAttackMultihit Claw Rush Deal 270% damage (3 hits, 90% each)

HP Ceiling 100
Condition: {"ai": 0, "description": "25% chance", "hp_threshold": null, "one_time": null, "rnd": 25}
ESBombFixedSpawn Line Bomb Spawn Bomb orbs in the specified positions
Condition: {"ai": 0, "description": "25% chance", "hp_threshold": null, "one_time": null, "rnd": 25}
ESBombFixedSpawn Line Bomb Spawn Bomb orbs in the specified positions
Condition: {"ai": 0, "description": "25% chance", "hp_threshold": null, "one_time": null, "rnd": 25}
ESBombFixedSpawn Line Bomb Spawn Bomb orbs in the specified positions
Condition: {"ai": 0, "description": "25% chance", "hp_threshold": null, "one_time": null, "rnd": 25}
ESBombFixedSpawn Line Bomb Spawn Bomb orbs in the specified positions

HP Ceiling 50
Condition: {"ai": 100, "description": "When <50% hp , one-time use", "hp_threshold": 50, "one_time": 1, "rnd": 0}
ESDebuffMovetime Jamming Missile Movetime -1s for 10 turns

HP Ceiling 20
Condition: {"ai": 100, "description": "When <20% hp", "hp_threshold": 20, "one_time": null, "rnd": 0}
ESAttackUp Red Device Increase damage to 200% for the next 999 turns
2,2,100411,8
100411 - Alt. Cyberdragon Valhalla @ level 8ProcessedSkillset
Base:
ESTypeResist Devil Halved Reduce damage from Devil by 50%

Preemptives:
SkillSet:
	Condition: {"ai": 100, "description": "One-time use", "hp_threshold": null, "one_time": 2, "rnd": 0}
	0 ESBlindStickyFixed Sequenced Power Outage Blind orbs in specific positions for 5 turns
	1 ESOrbLock Electrification Lock all Fire, Water, Wood, Light, Dark, Heal, Jammer, Poison, Mortal Poison orbs

Timed Groups:

EnemyCount Groups:

HP Groups:

HP Ceiling 100
Condition: {"ai": 100, "description": null, "hp_threshold": null, "one_time": null, "rnd": 0}
ESAttackMultihit God's Holy Breath Deal 400% damage (4 hits, 100% each)
2,3,2393,8
2393 - Awoken Idunn & Idunna @ level 8ProcessedSkillset
Base:
ESResolve Resolve Survive attacks with 1 HP when HP>50%

Preemptives:
SkillSet:
	Condition: {"ai": 100, "description": null, "hp_threshold": null, "one_time": null, "rnd": 0}
	0 ESStatusShield Welcome! Voids status ailments for 999 turns
	1 ESBombFixedSpawn Lovely Bomb Spawn Bomb orbs in the specified positions

Timed Groups:

EnemyCount Groups:

HP Groups:

HP Ceiling 100
SkillSet:
	Condition: {"ai": 0, "description": "34% chance", "hp_threshold": null, "one_time": null, "rnd": 34}
	0 ESRandomSpawn Fehde Gandr Spawn random 3 Water, Dark orbs
	1 ESAttackMultihit Yule Hörgr Deal 100% damage (2 hits, 50% each)
SkillSet:
	Condition: {"ai": 0, "description": "33% chance", "hp_threshold": null, "one_time": null, "rnd": 33}
	0 ESColumnSpawnMulti Blót Gandr Change 1st column to Water orbs, 6th column to Dark orbs
	1 ESAttackMultihit Yule Hörgr Deal 100% damage (2 hits, 50% each)
SkillSet:
	Condition: {"ai": 0, "description": "33% chance", "hp_threshold": null, "one_time": null, "rnd": 33}
	0 ESDamageShield Symbel Seidzr Reduce damage from all sources by 50% for 1 turns
	1 ESAttackMultihit Yule Hörgr Deal 100% damage (2 hits, 50% each)

HP Ceiling 100
SkillSet:
	Condition: {"ai": 100, "description": null, "hp_threshold": null, "one_time": null, "rnd": 0}
	0 ESBlind It's pitch black! Blind all orbs on the board
	1 ESBombFixedSpawn Lovely Bomb Spawn Bomb orbs in the specified positions

HP Ceiling 49
SkillSet:
	Condition: {"ai": 100, "description": null, "hp_threshold": null, "one_time": null, "rnd": 0}
	0 ESRecoverPlayer Please replenish your strength Player recover 100% hp
	1 ESInactivity I'll give you an apple, too! Do nothing
	2 ESBoardChange Ah, that's... Change all orbs to Poison

HP Ceiling 14
SkillSet:
	Condition: {"ai": 100, "description": null, "hp_threshold": null, "one_time": null, "rnd": 0}
	0 ESAttackMultihit Yah! Deal 150% damage
	1 ESAttackMultihit Toh! Deal 150% damage

HP Ceiling 0
SkillSet:
	Condition: {"ai": 100, "description": "One-time use", "hp_threshold": null, "one_time": 1, "rnd": 0}
	0 ESRecoverEnemy That hurts! Enemy recover 50% hp
	1 ESBindAwoken I won't forgive you! Bind awoken skills for 1 turns

HP Ceiling 0
SkillSet:
	Condition: {"ai": 100, "description": null, "hp_threshold": null, "one_time": null, "rnd": 0}
	0 ESRecoverEnemy That hurts! Enemy recover 50% hp
	1 ESBoardChange I'll give you something first-rate! Change all orbs to Mortal Poison
2,4,4652,8
4652 - Malice Dracosnake of the Blazehorns, Nidhogg @ level 8ProcessedSkillset
Base:
ESTurnChangePassive It spread its wings wide Enemy turn counter change to 1 when HP<50%

Preemptives:
SkillSet:
	Condition: {"ai": 100, "description": null, "hp_threshold": null, "one_time": null, "rnd": 0}
	0 ESVoidShield Heat Armor Void damage>40000000 for 99 turns
	1 ESSkillDelay Form Collapse Delay active skills by 7 turns

Timed Groups:

EnemyCount Groups:

HP Groups:

HP Ceiling 100
SkillSet:
	Condition: {"ai": 0, "description": "25% chance", "hp_threshold": null, "one_time": null, "rnd": 25}
	0 ESBoardChange Breath of Decay Change all orbs to Jammer
	1 ESBindAttack Liberation from Freedom Bind 3 random for 2 turns & Deal 115% damage
SkillSet:
	Condition: {"ai": 0, "description": "25% chance", "hp_threshold": null, "one_time": null, "rnd": 25}
	0 ESBoardChange Breath of Decay Change all orbs to Jammer
	1 ESRowSpawnMulti Abundant Maliciousness Change 3rd row to Poison orbs & Deal 100% damage
SkillSet:
	Condition: {"ai": 0, "description": "25% chance", "hp_threshold": null, "one_time": null, "rnd": 25}
	0 ESBoardChange Breath of Decay Change all orbs to Jammer
	1 ESSkyfall Corrosive Dust Jammer skyfall +20% for 1 turns
SkillSet:
	Condition: {"ai": 0, "description": "25% chance", "hp_threshold": null, "one_time": null, "rnd": 25}
	0 ESBoardChange Breath of Decay Change all orbs to Jammer
	1 ESAttackMultihit Gnaw Away Deal 120% damage (5 hits, 24% each)

HP Ceiling 49
SkillSet:
	Condition: {"ai": 100, "description": null, "hp_threshold": null, "one_time": null, "rnd": 0}
	0 ESStatusShield Blazing Dragon Scales Voids status ailments for 999 turns
	1 ESDamageShield Flames are gathering in the mouth Reduce damage from all sources by 75% for 1 turns

HP Ceiling 49
SkillSet:
	Condition: {"ai": 100, "description": null, "hp_threshold": null, "one_time": null, "rnd": 0}
	0 ESChangeAttribute Its flames changed Change own attribute to Fire
	1 ESBoardChangeAttackBits Scorching Firelands Change all orbs to Fire & Deal 500% damage

HP Ceiling 49
Condition: {"ai": 50, "description": "One-time use", "hp_threshold": null, "one_time": 1, "rnd": 0}
ESDebuffMovetime Lamplight of the Echoing Sphere Movetime -3s for 1 turns

HP Ceiling 49
Condition: {"ai": 50, "description": "50% chance", "hp_threshold": null, "one_time": null, "rnd": 0}
ESCloud Enshrouding Miasma 3x3 cloud appear for 1 turns at random location
Condition: {"ai": 100, "description": "When fire, water, wood, light, dark, heal, poison, mortal poison orbs are on the board", "hp_threshold": null, "one_time": null, "rnd": 0}
ESRandomSpawn Rotting Desire Spawn random 8 Jammer orbs

HP Ceiling 4
SkillSet:
	Condition: {"ai": 100, "description": null, "hp_threshold": null, "one_time": null, "rnd": 0}
	0 ESChangeAttribute Spiral Flames Change own attribute to random one of Dark, Fire
	1 ESAttackMultihit Devastating Flames Deal 1000% damage (5 hits, 200% each)
3,0,100312,8
100312 - Alt. Blazing Ice Ogre @ level 8ProcessedSkillset
Base:
ESResolve Ogre Resolve Survive attacks with 1 HP when HP>50%

Preemptives:
Condition: {"ai": 100, "description": null, "hp_threshold": null, "one_time": null, "rnd": 0}
ESAttackMultihit Strike Deal 60% damage (2 hits, 30% each)

Timed Groups:

Turn 1
Condition: {"ai": 100, "description": "One-time use", "hp_threshold": null, "one_time": 1, "rnd": 0}
ESBindRandom Binding Move Bind 1 random cards for 10 turns

EnemyCount Groups:

HP Groups:

HP Ceiling 49
Condition: {"ai": 100, "description": null, "hp_threshold": null, "one_time": null, "rnd": 0}
ESAttackMultihit Flame Strike Deal 150% damage
3,0,100313,8
100313 - Alt. Wood Ice Ogre @ level 8ProcessedSkillset
Base:
ESResolve Ogre Resolve Survive attacks with 1 HP when HP>50%

Preemptives:
Condition: {"ai": 100, "description": null, "hp_threshold": null, "one_time": null, "rnd": 0}
ESCloud Dangerous Afro Cut 3x3 cloud appear for 3 turns at random location

Timed Groups:

Turn 1
Condition: {"ai": 100, "description": "One-time use", "hp_threshold": null, "one_time": 1, "rnd": 0}
ESBindRandom Binding Move Bind 1 random cards for 10 turns

EnemyCount Groups:

HP Groups:

HP Ceiling 49
Condition: {"ai": 100, "description": null, "hp_threshold": null, "one_time": null, "rnd": 0}
ESAttackMultihit Rock Strike Deal 150% damage
3,1,1919,10
1919 - Rumbling Firedragon, Armored Tyrannos @ level 10ProcessedSkillset
Base:

Preemptives:
SkillSet:
	Condition: {"ai": 100, "description": null, "hp_threshold": null, "one_time": null, "rnd": 0}
	0 ESAbsorbCombo Gigantic Body Absorb combo <= 6 damage for 999 turns
	1 ESSkyfall Black Missile Poison skyfall +5% for 10 turns

Timed Groups:

EnemyCount Groups:

HP Groups:

HP Ceiling 100
Condition: {"ai": 50, "description": "50% chance", "hp_threshold": null, "one_time": null, "rnd": 0}
ESSkillDelay Hyper Claw Delay active skills by 1 turns
Condition: {"ai": 100, "description": null, "hp_threshold": null, "one_time": null, "rnd": 0}
ESAttackMultihit Claw Rush Deal 270% damage (3 hits, 90% each)

HP Ceiling 100
Condition: {"ai": 0, "description": "25% chance", "hp_threshold": null, "one_time": null, "rnd": 25}
ESBombFixedSpawn Line Bomb Spawn Bomb orbs in the specified positions
Condition: {"ai": 0, "description": "25% chance", "hp_threshold": null, "one_time": null, "rnd": 25}
ESBombFixedSpawn Line Bomb Spawn Bomb orbs in the specified positions
Condition: {"ai": 0, "description": "25% chance", "hp_threshold": null, "one_time": null, "rnd": 25}
ESBombFixedSpawn Line Bomb Spawn Bomb orbs in the specified positions
Condition: {"ai": 0, "description": "25% chance", "hp_threshold": null, "one_time": null, "rnd": 25}
ESBombFixedSpawn Line Bomb Spawn Bomb orbs in the specified positions

HP Ceiling 50
Condition: {"ai": 100, "description": "When <50% hp , one-time use", "hp_threshold": 50, "one_time": 1, "rnd": 0}
ESDebuffMovetime Jamming Missile Movetime -1s for 10 turns

HP Ceiling 20
Condition: {"ai": 100, "description": "When <20% hp", "hp_threshold": 20, "one_time": null, "rnd": 0}
ESAttackUp Red Device Increase damage to 200% for the next 999 turns
3,2,100411,10
100411 - Alt. Cyberdragon Valhalla @ level 10ProcessedSkillset
Base:
ESTypeResist Devil Halved Reduce damage from Devil by 50%

Preemptives:
SkillSet:
	Condition: {"ai": 100, "description": "One-time use", "hp_threshold": null, "one_time": 2, "rnd": 0}
	0 ESBlindStickyFixed Sequenced Power Outage Blind orbs in specific positions for 5 turns
	1 ESOrbLock Electrification Lock all Fire, Water, Wood, Light, Dark, Heal, Jammer, Poison, Mortal Poison orbs

Timed Groups:

EnemyCount Groups:

HP Groups:

HP Ceiling 100
Condition: {"ai": 100, "description": null, "hp_threshold": null, "one_time": null, "rnd": 0}
ESAttackMultihit God's Holy Breath Deal 400% damage (4 hits, 100% each)
3,3,2393,10
2393 - Awoken Idunn & Idunna @ level 10ProcessedSkillset
Base:
ESResolve Resolve Survive attacks with 1 HP when HP>50%

Preemptives:
SkillSet:
	Condition: {"ai": 100, "description": null, "hp_threshold": null, "one_time": null, "rnd": 0}
	0 ESStatusShield Welcome! Voids status ailments for 999 turns
	1 ESBombFixedSpawn Lovely Bomb Spawn Bomb orbs in the specified positions

Timed Groups:

EnemyCount Groups:

HP Groups:

HP Ceiling 100
SkillSet:
	Condition: {"ai": 0, "description": "34% chance", "hp_threshold": null, "one_time": null, "rnd": 34}
	0 ESRandomSpawn Fehde Gandr Spawn random 3 Water, Dark orbs
	1 ESAttackMultihit Yule Hörgr Deal 100% damage (2 hits, 50% each)
SkillSet:
	Condition: {"ai": 0, "description": "33% chance", "hp_threshold": null, "one_time": null, "rnd": 33}
	0 ESColumnSpawnMulti Blót Gandr Change 1st column to Water orbs, 6th column to Dark orbs
	1 ESAttackMultihit Yule Hörgr Deal 100% damage (2 hits, 50% each)
SkillSet:
	Condition: {"ai": 0, "description": "33% chance", "hp_threshold": null, "one_time": null, "rnd": 33}
	0 ESDamageShield Symbel Seidzr Reduce damage from all sources by 50% for 1 turns
	1 ESAttackMultihit Yule Hörgr Deal 100% damage (2 hits, 50% each)

HP Ceiling 100
SkillSet:
	Condition: {"ai": 100, "description": null, "hp_threshold": null, "one_time": null, "rnd": 0}
	0 ESBlind It's pitch black! Blind all orbs on the board
	1 ESBombFixedSpawn Lovely Bomb Spawn Bomb orbs in the specified positions

HP Ceiling 49
SkillSet:
	Condition: {"ai": 100, "description": null, "hp_threshold": null, "one_time": null, "rnd": 0}
	0 ESRecoverPlayer Please replenish your strength Player recover 100% hp
	1 ESInactivity I'll give you an apple, too! Do nothing
	2 ESBoardChange Ah, that's... Change all orbs to Poison

HP Ceiling 14
SkillSet:
	Condition: {"ai": 100, "description": null, "hp_threshold": null, "one_time": null, "rnd": 0}
	0 ESAttackMultihit Yah! Deal 150% damage
	1 ESAttackMultihit Toh! Deal 150% damage

HP Ceiling 0
SkillSet:
	Condition: {"ai": 100, "description": "One-time use", "hp_threshold": null, "one_time": 1, "rnd": 0}
	0 ESRecoverEnemy That hurts! Enemy recover 50% hp
	1 ESBindAwoken I won't forgive you! Bind awoken skills for 1 turns

HP Ceiling 0
SkillSet:
	Condition: {"ai": 100, "description": null, "hp_threshold": null, "one_time": null, "rnd": 0}
	0 ESRecoverEnemy That hurts! Enemy recover 50% hp
	1 ESBoardChange I'll give you something first-rate! Change all orbs to Mortal Poison
3,4,4652,10
4652 - Malice Dracosnake of the Blazehorns, Nidhogg @ level 10ProcessedSkillset
Base:
ESTurnChangePassive It spread its wings wide Enemy turn counter change to 1 when HP<50%

Preemptives:
SkillSet:
	Condition: {"ai": 100, "description": null, "hp_threshold": null, "one_time": null, "rnd": 0}
	0 ESVoidShield Heat Armor Void damage>40000000 for 99 turns
	1 ESSkillDelay Form Collapse Delay active skills by 7 turns

Timed Groups:

EnemyCount Groups:

HP Groups:

HP Ceiling 100
SkillSet:
	Condition: {"ai": 0, "description": "25% chance", "hp_threshold": null, "one_time": null, "rnd": 25}
	0 ESBoardChange Breath of Decay Change all orbs to Jammer
	1 ESBindAttack Liberation from Freedom Bind 3 random for 2 turns & Deal 115% damage
SkillSet:
	Condition: {"ai": 0, "description": "25% chance", "hp_threshold": null, "one_time": null, "rnd": 25}
	0 ESBoardChange Breath of Decay Change all orbs to Jammer
	1 ESRowSpawnMulti Abundant Maliciousness Change 3rd row to Poison orbs & Deal 100% damage
SkillSet:
	Condition: {"ai": 0, "description": "25% chance", "hp_threshold": null, "one_time": null, "rnd": 25}
	0 ESBoardChange Breath of Decay Change all orbs to Jammer
	1 ESSkyfall Corrosive Dust Jammer skyfall +20% for 1 turns
SkillSet:
	Condition: {"ai": 0, "description": "25% chance", "hp_threshold": null, "one_time": null, "rnd": 25}
	0 ESBoardChange Breath of Decay Change all orbs to Jammer
	1 ESAttackMultihit Gnaw Away Deal 120% damage (5 hits, 24% each)

HP Ceiling 49
SkillSet:
	Condition: {"ai": 100, "description": null, "hp_threshold": null, "one_time": null, "rnd": 0}
	0 ESStatusShield Blazing Dragon Scales Voids status ailments for 999 turns
	1 ESDamageShield Flames are gathering in the mouth Reduce damage from all sources by 75% for 1 turns

HP Ceiling 49
SkillSet:
	Condition: {"ai": 100, "description": null, "hp_threshold": null, "one_time": null, "rnd": 0}
	0 ESChangeAttribute Its flames changed Change own attribute to Fire
	1 ESBoardChangeAttackBits Scorching Firelands Change all orbs to Fire & Deal 500% damage

HP Ceiling 49
Condition: {"ai": 50, "description": "One-time use", "hp_threshold": null, "one_time": 1, "rnd": 0}
ESDebuffMovetime Lamplight of the Echoing Sphere Movetime -3s for 1 turns

HP Ceiling 49
Condition: {"ai": 50, "description": "50% chance", "hp_threshold": null, "one_time": null, "rnd": 0}
ESCloud Enshrouding Miasma 3x3 cloud appear for 1 turns at random location
Condition: {"ai": 100, "description": "When fire, water, wood, light, dark, heal, poison, mortal poison orbs are on the board", "hp_threshold": null, "one_time": null, "rnd": 0}
ESRandomSpawn Rotting Desire Spawn random 8 Jammer orbs

HP Ceiling 4
SkillSet:
	Condition: {"ai": 100, "description": null, "hp_threshold": null, "one_time": null, "rnd": 0}
	0 ESChangeAttribute Spiral Flames Change own attribute to random one of Dark, Fire
	1 ESAttackMultihit Devastating Flames Deal 1000% damage (5 hits, 200% each)
